Archive member included to satisfy reference by file (symbol)

c:/programs_2/altera/15.0/nios2eds/bin/gnu/h-x86_64-mingw32/bin/../lib/gcc/nios2-elf/4.9.1/mno-hw-mul\libgcc.a(lib2-divmod.o)
                              obj/default/hello_world.o (__divsi3)
c:/programs_2/altera/15.0/nios2eds/bin/gnu/h-x86_64-mingw32/bin/../lib/gcc/nios2-elf/4.9.1/mno-hw-mul\libgcc.a(lib2-mul.o)
                              obj/default/hello_world.o (__mulsi3)
c:/programs_2/altera/15.0/nios2eds/bin/gnu/h-x86_64-mingw32/bin/../lib/gcc/nios2-elf/4.9.1/../../../../../H-x86_64-mingw32/nios2-elf/lib/mno-hw-mul\libc.a(lib_a-puts.o)
                              obj/default/hello_world.o (puts)
c:/programs_2/altera/15.0/nios2eds/bin/gnu/h-x86_64-mingw32/bin/../lib/gcc/nios2-elf/4.9.1/../../../../../H-x86_64-mingw32/nios2-elf/lib/mno-hw-mul\libc.a(lib_a-strlen.o)
                              c:/programs_2/altera/15.0/nios2eds/bin/gnu/h-x86_64-mingw32/bin/../lib/gcc/nios2-elf/4.9.1/../../../../../H-x86_64-mingw32/nios2-elf/lib/mno-hw-mul\libc.a(lib_a-puts.o) (strlen)
c:/programs_2/altera/15.0/nios2eds/bin/gnu/h-x86_64-mingw32/bin/../lib/gcc/nios2-elf/4.9.1/../../../../../H-x86_64-mingw32/nios2-elf/lib/mno-hw-mul\libc.a(lib_a-fvwrite.o)
                              c:/programs_2/altera/15.0/nios2eds/bin/gnu/h-x86_64-mingw32/bin/../lib/gcc/nios2-elf/4.9.1/../../../../../H-x86_64-mingw32/nios2-elf/lib/mno-hw-mul\libc.a(lib_a-puts.o) (__sfvwrite_r)
c:/programs_2/altera/15.0/nios2eds/bin/gnu/h-x86_64-mingw32/bin/../lib/gcc/nios2-elf/4.9.1/../../../../../H-x86_64-mingw32/nios2-elf/lib/mno-hw-mul\libc.a(lib_a-impure.o)
                              c:/programs_2/altera/15.0/nios2eds/bin/gnu/h-x86_64-mingw32/bin/../lib/gcc/nios2-elf/4.9.1/../../../../../H-x86_64-mingw32/nios2-elf/lib/mno-hw-mul\libc.a(lib_a-puts.o) (_impure_ptr)
c:/programs_2/altera/15.0/nios2eds/bin/gnu/h-x86_64-mingw32/bin/../lib/gcc/nios2-elf/4.9.1/../../../../../H-x86_64-mingw32/nios2-elf/lib/mno-hw-mul\libc.a(lib_a-mallocr.o)
                              c:/programs_2/altera/15.0/nios2eds/bin/gnu/h-x86_64-mingw32/bin/../lib/gcc/nios2-elf/4.9.1/../../../../../H-x86_64-mingw32/nios2-elf/lib/mno-hw-mul\libc.a(lib_a-fvwrite.o) (_malloc_r)
c:/programs_2/altera/15.0/nios2eds/bin/gnu/h-x86_64-mingw32/bin/../lib/gcc/nios2-elf/4.9.1/../../../../../H-x86_64-mingw32/nios2-elf/lib/mno-hw-mul\libc.a(lib_a-memchr.o)
                              c:/programs_2/altera/15.0/nios2eds/bin/gnu/h-x86_64-mingw32/bin/../lib/gcc/nios2-elf/4.9.1/../../../../../H-x86_64-mingw32/nios2-elf/lib/mno-hw-mul\libc.a(lib_a-fvwrite.o) (memchr)
c:/programs_2/altera/15.0/nios2eds/bin/gnu/h-x86_64-mingw32/bin/../lib/gcc/nios2-elf/4.9.1/../../../../../H-x86_64-mingw32/nios2-elf/lib/mno-hw-mul\libc.a(lib_a-memcpy.o)
                              c:/programs_2/altera/15.0/nios2eds/bin/gnu/h-x86_64-mingw32/bin/../lib/gcc/nios2-elf/4.9.1/../../../../../H-x86_64-mingw32/nios2-elf/lib/mno-hw-mul\libc.a(lib_a-fvwrite.o) (memcpy)
c:/programs_2/altera/15.0/nios2eds/bin/gnu/h-x86_64-mingw32/bin/../lib/gcc/nios2-elf/4.9.1/../../../../../H-x86_64-mingw32/nios2-elf/lib/mno-hw-mul\libc.a(lib_a-memmove.o)
                              c:/programs_2/altera/15.0/nios2eds/bin/gnu/h-x86_64-mingw32/bin/../lib/gcc/nios2-elf/4.9.1/../../../../../H-x86_64-mingw32/nios2-elf/lib/mno-hw-mul\libc.a(lib_a-fvwrite.o) (memmove)
c:/programs_2/altera/15.0/nios2eds/bin/gnu/h-x86_64-mingw32/bin/../lib/gcc/nios2-elf/4.9.1/../../../../../H-x86_64-mingw32/nios2-elf/lib/mno-hw-mul\libc.a(lib_a-reallocr.o)
                              c:/programs_2/altera/15.0/nios2eds/bin/gnu/h-x86_64-mingw32/bin/../lib/gcc/nios2-elf/4.9.1/../../../../../H-x86_64-mingw32/nios2-elf/lib/mno-hw-mul\libc.a(lib_a-fvwrite.o) (_realloc_r)
c:/programs_2/altera/15.0/nios2eds/bin/gnu/h-x86_64-mingw32/bin/../lib/gcc/nios2-elf/4.9.1/../../../../../H-x86_64-mingw32/nios2-elf/lib/mno-hw-mul\libc.a(lib_a-sbrkr.o)
                              c:/programs_2/altera/15.0/nios2eds/bin/gnu/h-x86_64-mingw32/bin/../lib/gcc/nios2-elf/4.9.1/../../../../../H-x86_64-mingw32/nios2-elf/lib/mno-hw-mul\libc.a(lib_a-mallocr.o) (_sbrk_r)
c:/programs_2/altera/15.0/nios2eds/bin/gnu/h-x86_64-mingw32/bin/../lib/gcc/nios2-elf/4.9.1/../../../../../H-x86_64-mingw32/nios2-elf/lib/mno-hw-mul\libc.a(lib_a-wsetup.o)
                              c:/programs_2/altera/15.0/nios2eds/bin/gnu/h-x86_64-mingw32/bin/../lib/gcc/nios2-elf/4.9.1/../../../../../H-x86_64-mingw32/nios2-elf/lib/mno-hw-mul\libc.a(lib_a-fvwrite.o) (__swsetup_r)
c:/programs_2/altera/15.0/nios2eds/bin/gnu/h-x86_64-mingw32/bin/../lib/gcc/nios2-elf/4.9.1/../../../../../H-x86_64-mingw32/nios2-elf/lib/mno-hw-mul\libc.a(lib_a-fflush.o)
                              c:/programs_2/altera/15.0/nios2eds/bin/gnu/h-x86_64-mingw32/bin/../lib/gcc/nios2-elf/4.9.1/../../../../../H-x86_64-mingw32/nios2-elf/lib/mno-hw-mul\libc.a(lib_a-fvwrite.o) (_fflush_r)
[...]
Memory Configuration

Name             Origin             Length             Attributes
reset            0x0000000000040000 0x0000000000000020
onchip_memory    0x0000000000040020 0x0000000000030d20
*default*        0x0000000000000000 0xffffffffffffffff

Linker script and memory map

LOAD ../Blinky_bsp//obj/HAL/src/crt0.o
LOAD obj/default/hello_world.o
LOAD c:/programs_2/altera/15.0/nios2eds/bin/gnu/h-x86_64-mingw32/bin/../lib/gcc/nios2-elf/4.9.1/../../../../../H-x86_64-mingw32/nios2-elf/lib/mno-hw-mul\libstdc++.a
LOAD c:/programs_2/altera/15.0/nios2eds/bin/gnu/h-x86_64-mingw32/bin/../lib/gcc/nios2-elf/4.9.1/../../../../../H-x86_64-mingw32/nios2-elf/lib/mno-hw-mul\libm.a
LOAD c:/programs_2/altera/15.0/nios2eds/bin/gnu/h-x86_64-mingw32/bin/../lib/gcc/nios2-elf/4.9.1/mno-hw-mul\libgcc.a
START GROUP
LOAD c:/programs_2/altera/15.0/nios2eds/bin/gnu/h-x86_64-mingw32/bin/../lib/gcc/nios2-elf/4.9.1/../../../../../H-x86_64-mingw32/nios2-elf/lib/mno-hw-mul\libc.a
LOAD c:/programs_2/altera/15.0/nios2eds/bin/gnu/h-x86_64-mingw32/bin/../lib/gcc/nios2-elf/4.9.1/mno-hw-mul\libgcc.a
LOAD ../Blinky_bsp/\libhal_bsp.a
LOAD c:/programs_2/altera/15.0/nios2eds/bin/gnu/h-x86_64-mingw32/bin/../lib/gcc/nios2-elf/4.9.1/../../../../../H-x86_64-mingw32/nios2-elf/lib/mno-hw-mul\libm.a
END GROUP
LOAD c:/programs_2/altera/15.0/nios2eds/bin/gnu/h-x86_64-mingw32/bin/../lib/gcc/nios2-elf/4.9.1/mno-hw-mul\libgcc.a
                0x0000000000040000                __alt_mem_onchip_memory = 0x40000

.entry          0x0000000000040000       0x20
 *(.entry)
 .entry         0x0000000000040000       0x20 ../Blinky_bsp//obj/HAL/src/crt0.o
                0x0000000000040000                __reset

.exceptions     0x0000000000040020      0x19c
                0x0000000000040020                PROVIDE (__ram_exceptions_start, ABSOLUTE (.))
                0x0000000000040020                . = ALIGN (0x20)
 *(.irq)
 *(.exceptions.entry.label)
 .exceptions.entry.label
                0x0000000000040020        0x0 ../Blinky_bsp/\libhal_bsp.a(alt_irq_entry.o)
                0x0000000000040020                alt_irq_entry
 .exceptions.entry.label
                0x0000000000040020        0x0 ../Blinky_bsp/\libhal_bsp.a(alt_exception_entry.o)
                0x0000000000040020                alt_exception
 *(.exceptions.entry.user)
 *(.exceptions.entry.ecc_fatal)
 *(.exceptions.entry)
 .exceptions.entry
                0x0000000000040020       0x54 ../Blinky_bsp/\libhal_bsp.a(alt_exception_entry.o)
 *(.exceptions.irqtest.user)
 *(.exceptions.irqtest)
 .exceptions.irqtest
                0x0000000000040074       0x10 ../Blinky_bsp/\libhal_bsp.a(alt_irq_entry.o)
 *(.exceptions.irqhandler.user)
 *(.exceptions.irqhandler)
 .exceptions.irqhandler
                0x0000000000040084        0x4 ../Blinky_bsp/\libhal_bsp.a(alt_irq_entry.o)
 *(.exceptions.irqreturn.user)
 *(.exceptions.irqreturn)
 .exceptions.irqreturn
                0x0000000000040088        0x4 ../Blinky_bsp/\libhal_bsp.a(alt_irq_entry.o)
 *(.exceptions.notirq.label)
 .exceptions.notirq.label
                0x000000000004008c        0x0 ../Blinky_bsp/\libhal_bsp.a(alt_irq_entry.o)
 *(.exceptions.notirq.user)
 *(.exceptions.notirq)
 .exceptions.notirq
                0x000000000004008c        0x8 ../Blinky_bsp/\libhal_bsp.a(alt_exception_entry.o)
 *(.exceptions.soft.user)
 *(.exceptions.soft)
 *(.exceptions.unknown.user)
 *(.exceptions.unknown)
 .exceptions.unknown
                0x0000000000040094        0x4 ../Blinky_bsp/\libhal_bsp.a(alt_exception_entry.o)
 *(.exceptions.exit.label)
 .exceptions.exit.label
                0x0000000000040098        0x0 ../Blinky_bsp/\libhal_bsp.a(alt_irq_entry.o)
 .exceptions.exit.label
                0x0000000000040098        0x0 ../Blinky_bsp/\libhal_bsp.a(alt_exception_entry.o)
 *(.exceptions.exit.user)
 *(.exceptions.exit)
 .exceptions.exit
                0x0000000000040098       0x54 ../Blinky_bsp/\libhal_bsp.a(alt_exception_entry.o)
 *(.exceptions)
 .exceptions    0x00000000000400ec       0xd0 ../Blinky_bsp/\libhal_bsp.a(alt_irq_handler.o)
                0x00000000000400ec                alt_irq_handler
                0x00000000000401bc                PROVIDE (__ram_exceptions_end, ABSOLUTE (.))
                0x0000000000040020                PROVIDE (__flash_exceptions_start, LOADADDR (.exceptions))

.text           0x00000000000401bc     0x58d8
                0x00000000000401bc                PROVIDE (stext, ABSOLUTE (.))
 *(.interp)
 *(.hash)
 *(.dynsym)
 *(.dynstr)
 *(.gnu.version)
 *(.gnu.version_d)
 *(.gnu.version_r)
 *(.rel.init)
 *(.rela.init)
 *(.rel.text .rel.text.* .rel.gnu.linkonce.t.*)
 *(.rela.text .rela.text.* .rela.gnu.linkonce.t.*)
 *(.rel.fini)
 *(.rela.fini)
 *(.rel.rodata .rel.rodata.* .rel.gnu.linkonce.r.*)
 *(.rela.rodata .rela.rodata.* .rela.gnu.linkonce.r.*)
 *(.rel.data .rel.data.* .rel.gnu.linkonce.d.*)
 *(.rela.data .rela.data.* .rela.gnu.linkonce.d.*)
 *(.rel.tdata .rel.tdata.* .rel.gnu.linkonce.td.*)
 *(.rela.tdata .rela.tdata.* .rela.gnu.linkonce.td.*)
 *(.rel.tbss .rel.tbss.* .rel.gnu.linkonce.tb.*)
 *(.rela.tbss .rela.tbss.* .rela.gnu.linkonce.tb.*)
 *(.rel.ctors)
 *(.rela.ctors)
 *(.rel.dtors)
 *(.rela.dtors)
 *(.rel.got)
 *(.rela.got)
 *(.rel.sdata .rel.sdata.* .rel.gnu.linkonce.s.*)
 *(.rela.sdata .rela.sdata.* .rela.gnu.linkonce.s.*)
 *(.rel.sbss .rel.sbss.* .rel.gnu.linkonce.sb.*)
 *(.rela.sbss .rela.sbss.* .rela.gnu.linkonce.sb.*)
 *(.rel.sdata2 .rel.sdata2.* .rel.gnu.linkonce.s2.*)
 *(.rela.sdata2 .rela.sdata2.* .rela.gnu.linkonce.s2.*)
 *(.rel.sbss2 .rel.sbss2.* .rel.gnu.linkonce.sb2.*)
 *(.rela.sbss2 .rela.sbss2.* .rela.gnu.linkonce.sb2.*)
 *(.rel.bss .rel.bss.* .rel.gnu.linkonce.b.*)
 *(.rela.bss .rela.bss.* .rela.gnu.linkonce.b.*)
 *(.rel.plt)
 *(.rela.plt)
 *(.rel.dyn)
 *(.init)
 *(.plt)
 *(.text .stub .text.* .gnu.linkonce.t.*)
 .text          0x00000000000401bc       0x3c ../Blinky_bsp//obj/HAL/src/crt0.o
                0x00000000000401bc                _start
 .text          0x00000000000401f8      0x3e4 obj/default/hello_world.o
                0x00000000000401f8                set_led
                0x000000000004022c                turn_off_all
                0x0000000000040288                display_all_0_to_9_test_segment_mapping
                0x0000000000040368                display_number
                0x00000000000404e4                counter_0_to_9999_and_display_on_7seg
                0x0000000000040538                buttons
                0x00000000000405b4                main
 .text          0x00000000000405dc      0x12c c:/programs_2/altera/15.0/nios2eds/bin/gnu/h-x86_64-mingw32/bin/../lib/gcc/nios2-elf/4.9.1/mno-hw-mul\libgcc.a(lib2-divmod.o)
                0x0000000000040648                __divsi3
                0x000000000004069c                __modsi3
                0x00000000000406f8                __udivsi3
                0x0000000000040700                __umodsi3
 .text          0x0000000000040708       0x28 c:/programs_2/altera/15.0/nios2eds/bin/gnu/h-x86_64-mingw32/bin/../lib/gcc/nios2-elf/4.9.1/mno-hw-mul\libgcc.a(lib2-mul.o)
                0x0000000000040708                __mulsi3
 .text          0x0000000000040730       0xcc c:/programs_2/altera/15.0/nios2eds/bin/gnu/h-x86_64-mingw32/bin/../lib/gcc/nios2-elf/4.9.1/../../../../../H-x86_64-mingw32/nios2-elf/lib/mno-hw-mul\libc.a(lib_a-puts.o)
                0x0000000000040730                _puts_r
                0x00000000000407e8                puts
 .text          0x00000000000407fc       0x98 c:/programs_2/altera/15.0/nios2eds/bin/gnu/h-x86_64-mingw32/bin/../lib/gcc/nios2-elf/4.9.1/../../../../../H-x86_64-mingw32/nios2-elf/lib/mno-hw-mul\libc.a(lib_a-strlen.o)
                0x00000000000407fc                strlen
 .text          0x0000000000040894      0x4a4 c:/programs_2/altera/15.0/nios2eds/bin/gnu/h-x86_64-mingw32/bin/../lib/gcc/nios2-elf/4.9.1/../../../../../H-x86_64-mingw32/nios2-elf/lib/mno-hw-mul\libc.a(lib_a-fvwrite.o)
                0x0000000000040894                __sfvwrite_r
 .text          0x0000000000040d38        0x0 c:/programs_2/altera/15.0/nios2eds/bin/gnu/h-x86_64-mingw32/bin/../lib/gcc/nios2-elf/4.9.1/../../../../../H-x86_64-mingw32/nios2-elf/lib/mno-hw-mul\libc.a(lib_a-impure.o)
 .text          0x0000000000040d38      0x7a8 c:/programs_2/altera/15.0/nios2eds/bin/gnu/h-x86_64-mingw32/bin/../lib/gcc/nios2-elf/4.9.1/../../../../../H-x86_64-mingw32/nios2-elf/lib/mno-hw-mul\libc.a(lib_a-mallocr.o)
                0x0000000000040d38                _malloc_r
 .text          0x00000000000414e0       0xe8 c:/programs_2/altera/15.0/nios2eds/bin/gnu/h-x86_64-mingw32/bin/../lib/gcc/nios2-elf/4.9.1/../../../../../H-x86_64-mingw32/nios2-elf/lib/mno-hw-mul\libc.a(lib_a-memchr.o)
                0x00000000000414e0                memchr
 .text          0x00000000000415c8      0x138 c:/programs_2/altera/15.0/nios2eds/bin/gnu/h-x86_64-mingw32/bin/../lib/gcc/nios2-elf/4.9.1/../../../../../H-x86_64-mingw32/nios2-elf/lib/mno-hw-mul\libc.a(lib_a-memcpy.o)
                0x00000000000415c8                memcpy
 .text          0x0000000000041700      0x15c c:/programs_2/altera/15.0/nios2eds/bin/gnu/h-x86_64-mingw32/bin/../lib/gcc/nios2-elf/4.9.1/../../../../../H-x86_64-mingw32/nios2-elf/lib/mno-hw-mul\libc.a(lib_a-memmove.o)
                0x0000000000041700                memmove
 .text          0x000000000004185c      0x5a0 c:/programs_2/altera/15.0/nios2eds/bin/gnu/h-x86_64-mingw32/bin/../lib/gcc/nios2-elf/4.9.1/../../../../../H-x86_64-mingw32/nios2-elf/lib/mno-hw-mul\libc.a(lib_a-reallocr.o)
                0x000000000004185c                _realloc_r
 .text          0x0000000000041dfc       0x54 c:/programs_2/altera/15.0/nios2eds/bin/gnu/h-x86_64-mingw32/bin/../lib/gcc/nios2-elf/4.9.1/../../../../../H-x86_64-mingw32/nios2-elf/lib/mno-hw-mul\libc.a(lib_a-sbrkr.o)
                0x0000000000041dfc                _sbrk_r
 .text          0x0000000000041e50      0x130 c:/programs_2/altera/15.0/nios2eds/bin/gnu/h-x86_64-mingw32/bin/../lib/gcc/nios2-elf/4.9.1/../../../../../H-x86_64-mingw32/nios2-elf/lib/mno-hw-mul\libc.a(lib_a-wsetup.o)
                0x0000000000041e50                __swsetup_r
 .text          0x0000000000041f80      0x258 c:/programs_2/altera/15.0/nios2eds/bin/gnu/h-x86_64-mingw32/bin/../lib/gcc/nios2-elf/4.9.1/../../../../../H-x86_64-mingw32/nios2-elf/lib/mno-hw-mul\libc.a(lib_a-fflush.o)
                0x0000000000041f80                _fflush_r
                0x00000000000421a8                fflush
 .text          0x00000000000421d8      0x3b4 c:/programs_2/altera/15.0/nios2eds/bin/gnu/h-x86_64-mingw32/bin/../lib/gcc/nios2-elf/4.9.1/../../../../../H-x86_64-mingw32/nios2-elf/lib/mno-hw-mul\libc.a(lib_a-findfp.o)
                0x00000000000421e8                _cleanup_r
                0x0000000000042394                __sfmoreglue
                0x000000000004240c                __sfp
                0x0000000000042524                _cleanup
                0x000000000004253c                __sinit
                0x000000000004254c                __sfp_lock_acquire
                0x0000000000042550                __sfp_lock_release
                0x0000000000042554                __sinit_lock_acquire
                0x0000000000042558                __sinit_lock_release
                0x000000000004255c                __fp_lock_all
                0x0000000000042574                __fp_unlock_all
 .text          0x000000000004258c      0x414 c:/programs_2/altera/15.0/nios2eds/bin/gnu/h-x86_64-mingw32/bin/../lib/gcc/nios2-elf/4.9.1/../../../../../H-x86_64-mingw32/nios2-elf/lib/mno-hw-mul\libc.a(lib_a-freer.o)
                0x000000000004258c                _malloc_trim_r
                0x00000000000426b0                _free_r
 .text          0x00000000000429a0      0x170 c:/programs_2/altera/15.0/nios2eds/bin/gnu/h-x86_64-mingw32/bin/../lib/gcc/nios2-elf/4.9.1/../../../../../H-x86_64-mingw32/nios2-elf/lib/mno-hw-mul\libc.a(lib_a-fwalk.o)
                0x00000000000429a0                _fwalk
                0x0000000000042a58                _fwalk_reent
 .text          0x0000000000042b10        0x0 c:/programs_2/altera/15.0/nios2eds/bin/gnu/h-x86_64-mingw32/bin/../lib/gcc/nios2-elf/4.9.1/../../../../../H-x86_64-mingw32/nios2-elf/lib/mno-hw-mul\libc.a(lib_a-int_errno.o)
 .text          0x0000000000042b10      0x1b8 c:/programs_2/altera/15.0/nios2eds/bin/gnu/h-x86_64-mingw32/bin/../lib/gcc/nios2-elf/4.9.1/../../../../../H-x86_64-mingw32/nios2-elf/lib/mno-hw-mul\libc.a(lib_a-makebuf.o)
                0x0000000000042b10                __smakebuf_r
 .text          0x0000000000042cc8      0x124 c:/programs_2/altera/15.0/nios2eds/bin/gnu/h-x86_64-mingw32/bin/../lib/gcc/nios2-elf/4.9.1/../../../../../H-x86_64-mingw32/nios2-elf/lib/mno-hw-mul\libc.a(lib_a-memset.o)
                0x0000000000042cc8                memset
 .text          0x0000000000042dec      0x13c c:/programs_2/altera/15.0/nios2eds/bin/gnu/h-x86_64-mingw32/bin/../lib/gcc/nios2-elf/4.9.1/../../../../../H-x86_64-mingw32/nios2-elf/lib/mno-hw-mul\libc.a(lib_a-stdio.o)
                0x0000000000042dec                __sread
                0x0000000000042e40                __seofread
                0x0000000000042e48                __swrite
                0x0000000000042ec4                __sseek
                0x0000000000042f20                __sclose
 .text          0x0000000000042f28       0x5c c:/programs_2/altera/15.0/nios2eds/bin/gnu/h-x86_64-mingw32/bin/../lib/gcc/nios2-elf/4.9.1/../../../../../H-x86_64-mingw32/nios2-elf/lib/mno-hw-mul\libc.a(lib_a-writer.o)
                0x0000000000042f28                _write_r
 .text          0x0000000000042f84       0x54 c:/programs_2/altera/15.0/nios2eds/bin/gnu/h-x86_64-mingw32/bin/../lib/gcc/nios2-elf/4.9.1/../../../../../H-x86_64-mingw32/nios2-elf/lib/mno-hw-mul\libc.a(closer.o)
                0x0000000000042f84                _close_r
 .text          0x0000000000042fd8      0x114 c:/programs_2/altera/15.0/nios2eds/bin/gnu/h-x86_64-mingw32/bin/../lib/gcc/nios2-elf/4.9.1/../../../../../H-x86_64-mingw32/nios2-elf/lib/mno-hw-mul\libc.a(lib_a-fclose.o)
                0x0000000000042fd8                _fclose_r
                0x00000000000430d8                fclose
 .text          0x00000000000430ec       0x58 c:/programs_2/altera/15.0/nios2eds/bin/gnu/h-x86_64-mingw32/bin/../lib/gcc/nios2-elf/4.9.1/../../../../../H-x86_64-mingw32/nios2-elf/lib/mno-hw-mul\libc.a(lib_a-fstatr.o)
                0x00000000000430ec                _fstat_r
 .text          0x0000000000043144       0x54 c:/programs_2/altera/15.0/nios2eds/bin/gnu/h-x86_64-mingw32/bin/../lib/gcc/nios2-elf/4.9.1/../../../../../H-x86_64-mingw32/nios2-elf/lib/mno-hw-mul\libc.a(lib_a-isattyr.o)
                0x0000000000043144                _isatty_r
 .text          0x0000000000043198       0x5c c:/programs_2/altera/15.0/nios2eds/bin/gnu/h-x86_64-mingw32/bin/../lib/gcc/nios2-elf/4.9.1/../../../../../H-x86_64-mingw32/nios2-elf/lib/mno-hw-mul\libc.a(lib_a-lseekr.o)
                0x0000000000043198                _lseek_r
 .text          0x00000000000431f4       0x5c c:/programs_2/altera/15.0/nios2eds/bin/gnu/h-x86_64-mingw32/bin/../lib/gcc/nios2-elf/4.9.1/../../../../../H-x86_64-mingw32/nios2-elf/lib/mno-hw-mul\libc.a(lib_a-readr.o)
                0x00000000000431f4                _read_r
 .text          0x0000000000043250      0x128 ../Blinky_bsp/\libhal_bsp.a(alt_close.o)
                0x00000000000432a0                close
 .text          0x0000000000043378       0x2c ../Blinky_bsp/\libhal_bsp.a(alt_dev.o)
 .text          0x00000000000433a4        0x0 ../Blinky_bsp/\libhal_bsp.a(alt_errno.o)
 .text          0x00000000000433a4      0x108 ../Blinky_bsp/\libhal_bsp.a(alt_fstat.o)
                0x00000000000433f4                fstat
 .text          0x00000000000434ac       0xfc ../Blinky_bsp/\libhal_bsp.a(alt_isatty.o)
                0x00000000000434fc                isatty
 .text          0x00000000000435a8       0xe4 ../Blinky_bsp/\libhal_bsp.a(alt_load.o)
                0x000000000004360c                alt_load
 .text          0x000000000004368c      0x12c ../Blinky_bsp/\libhal_bsp.a(alt_lseek.o)
                0x00000000000436dc                lseek
 .text          0x00000000000437b8       0x78 ../Blinky_bsp/\libhal_bsp.a(alt_main.o)
                0x00000000000437b8                alt_main
 .text          0x0000000000043830       0x40 ../Blinky_bsp/\libhal_bsp.a(alt_malloc_lock.o)
                0x0000000000043830                __malloc_lock
                0x0000000000043850                __malloc_unlock
 .text          0x0000000000043870      0x154 ../Blinky_bsp/\libhal_bsp.a(alt_read.o)
                0x00000000000438c0                read
 .text          0x00000000000439c4       0x80 ../Blinky_bsp/\libhal_bsp.a(alt_release_fd.o)
                0x00000000000439c4                alt_release_fd
 .text          0x0000000000043a44       0xb0 ../Blinky_bsp/\libhal_bsp.a(alt_sbrk.o)
                0x0000000000043a44                sbrk
 .text          0x0000000000043af4       0x30 ../Blinky_bsp/\libhal_bsp.a(alt_usleep.o)
                0x0000000000043af4                usleep
 .text          0x0000000000043b24      0x150 ../Blinky_bsp/\libhal_bsp.a(alt_write.o)
                0x0000000000043b74                write
 .text          0x0000000000043c74       0xb4 ../Blinky_bsp/\libhal_bsp.a(alt_sys_init.o)
                0x0000000000043cac                alt_irq_init
                0x0000000000043ce0                alt_sys_init
 .text          0x0000000000043d28      0x164 ../Blinky_bsp/\libhal_bsp.a(altera_avalon_jtag_uart_fd.o)
                0x0000000000043d28                altera_avalon_jtag_uart_read_fd
                0x0000000000043d88                altera_avalon_jtag_uart_write_fd
                0x0000000000043de8                altera_avalon_jtag_uart_close_fd
                0x0000000000043e38                altera_avalon_jtag_uart_ioctl_fd
 .text          0x0000000000043e8c      0x3d8 ../Blinky_bsp/\libhal_bsp.a(altera_avalon_jtag_uart_init.o)
                0x0000000000043e8c                altera_avalon_jtag_uart_init
                0x00000000000441fc                altera_avalon_jtag_uart_close
 .text          0x0000000000044264       0xec ../Blinky_bsp/\libhal_bsp.a(altera_avalon_jtag_uart_ioctl.o)
                0x0000000000044264                altera_avalon_jtag_uart_ioctl
 .text          0x0000000000044350      0x20c ../Blinky_bsp/\libhal_bsp.a(altera_avalon_jtag_uart_read.o)
                0x0000000000044350                altera_avalon_jtag_uart_read
 .text          0x000000000004455c      0x218 ../Blinky_bsp/\libhal_bsp.a(altera_avalon_jtag_uart_write.o)
                0x000000000004455c                altera_avalon_jtag_uart_write
 .text          0x0000000000044774      0x140 ../Blinky_bsp/\libhal_bsp.a(alt_alarm_start.o)
                0x0000000000044774                alt_alarm_start
 .text          0x00000000000448b4      0x158 ../Blinky_bsp/\libhal_bsp.a(alt_busy_sleep.o)
                0x00000000000448b4                alt_busy_sleep
 .text          0x0000000000044a0c       0x1c ../Blinky_bsp/\libhal_bsp.a(alt_dcache_flush_all.o)
                0x0000000000044a0c                alt_dcache_flush_all
 .text          0x0000000000044a28       0xf4 ../Blinky_bsp/\libhal_bsp.a(alt_dev_llist_insert.o)
                0x0000000000044a78                alt_dev_llist_insert
 .text          0x0000000000044b1c       0x5c ../Blinky_bsp/\libhal_bsp.a(alt_do_ctors.o)
                0x0000000000044b1c                _do_ctors
 .text          0x0000000000044b78       0x5c ../Blinky_bsp/\libhal_bsp.a(alt_do_dtors.o)
                0x0000000000044b78                _do_dtors
 .text          0x0000000000044bd4       0x1c ../Blinky_bsp/\libhal_bsp.a(alt_icache_flush_all.o)
                0x0000000000044bd4                alt_icache_flush_all
 .text          0x0000000000044bf0      0x1e0 ../Blinky_bsp/\libhal_bsp.a(alt_iic.o)
                0x0000000000044bf0                alt_ic_isr_register
                0x0000000000044c40                alt_ic_irq_enable
                0x0000000000044ce0                alt_ic_irq_disable
                0x0000000000044d84                alt_ic_irq_enabled
 .text          0x0000000000044dd0       0xf0 ../Blinky_bsp/\libhal_bsp.a(alt_iic_isr_register.o)
                0x0000000000044dd0                alt_iic_isr_register
 .text          0x0000000000044ec0      0x158 ../Blinky_bsp/\libhal_bsp.a(alt_io_redirect.o)
                0x0000000000044fa0                alt_io_redirect
 .text          0x0000000000045018        0x0 ../Blinky_bsp/\libhal_bsp.a(alt_irq_entry.o)
 .text          0x0000000000045018        0x0 ../Blinky_bsp/\libhal_bsp.a(alt_irq_handler.o)
 .text          0x0000000000045018        0x0 ../Blinky_bsp/\libhal_bsp.a(alt_irq_vars.o)
 .text          0x0000000000045018      0x2a4 ../Blinky_bsp/\libhal_bsp.a(alt_open.o)
                0x000000000004515c                open
 .text          0x00000000000452bc      0x19c ../Blinky_bsp/\libhal_bsp.a(alt_tick.o)
                0x00000000000452bc                alt_alarm_stop
                0x0000000000045354                alt_tick
 .text          0x0000000000045458       0x20 ../Blinky_bsp/\libhal_bsp.a(altera_nios2_qsys_irq.o)
                0x0000000000045458                altera_nios2_qsys_irq_init
 .text          0x0000000000045478        0x0 ../Blinky_bsp/\libhal_bsp.a(alt_exception_entry.o)
 .text          0x0000000000045478       0x90 ../Blinky_bsp/\libhal_bsp.a(alt_find_dev.o)
                0x0000000000045478                alt_find_dev
 .text          0x0000000000045508      0x114 ../Blinky_bsp/\libhal_bsp.a(alt_find_file.o)
                0x0000000000045508                alt_find_file
 .text          0x000000000004561c       0xd4 ../Blinky_bsp/\libhal_bsp.a(alt_get_fd.o)
                0x000000000004561c                alt_get_fd
 .text          0x00000000000456f0       0x14 c:/programs_2/altera/15.0/nios2eds/bin/gnu/h-x86_64-mingw32/bin/../lib/gcc/nios2-elf/4.9.1/../../../../../H-x86_64-mingw32/nios2-elf/lib/mno-hw-mul\libc.a(lib_a-atexit.o)
                0x00000000000456f0                atexit
 .text          0x0000000000045704       0x38 c:/programs_2/altera/15.0/nios2eds/bin/gnu/h-x86_64-mingw32/bin/../lib/gcc/nios2-elf/4.9.1/../../../../../H-x86_64-mingw32/nios2-elf/lib/mno-hw-mul\libc.a(lib_a-exit.o)
                0x0000000000045704                exit
 .text          0x000000000004573c       0x7c c:/programs_2/altera/15.0/nios2eds/bin/gnu/h-x86_64-mingw32/bin/../lib/gcc/nios2-elf/4.9.1/../../../../../H-x86_64-mingw32/nios2-elf/lib/mno-hw-mul\libc.a(lib_a-memcmp.o)
                0x000000000004573c                memcmp
 .text          0x00000000000457b8      0x114 c:/programs_2/altera/15.0/nios2eds/bin/gnu/h-x86_64-mingw32/bin/../lib/gcc/nios2-elf/4.9.1/../../../../../H-x86_64-mingw32/nios2-elf/lib/mno-hw-mul\libc.a(lib_a-__atexit.o)
                0x00000000000457b8                __register_exitproc
 .text          0x00000000000458cc      0x194 c:/programs_2/altera/15.0/nios2eds/bin/gnu/h-x86_64-mingw32/bin/../lib/gcc/nios2-elf/4.9.1/../../../../../H-x86_64-mingw32/nios2-elf/lib/mno-hw-mul\libc.a(lib_a-__call_atexit.o)
                0x00000000000458cc                __call_exitprocs
 .text          0x0000000000045a60       0x34 ../Blinky_bsp/\libhal_bsp.a(alt_exit.o)
                0x0000000000045a60                _exit
 *(.gnu.warning.*)
 *(.fini)
                0x0000000000045a94                PROVIDE (__etext, ABSOLUTE (.))
                0x0000000000045a94                PROVIDE (_etext, ABSOLUTE (.))
                0x0000000000045a94                PROVIDE (etext, ABSOLUTE (.))
 *(.eh_frame_hdr)
                0x0000000000045a94                . = ALIGN (0x4)
                0x0000000000045a94                PROVIDE (__preinit_array_start, ABSOLUTE (.))
 *(.preinit_array)
                0x0000000000045a94                PROVIDE (__preinit_array_end, ABSOLUTE (.))
                0x0000000000045a94                PROVIDE (__init_array_start, ABSOLUTE (.))
 *(.init_array)
                0x0000000000045a94                PROVIDE (__init_array_end, ABSOLUTE (.))
                0x0000000000045a94                PROVIDE (__fini_array_start, ABSOLUTE (.))
 *(.fini_array)
                0x0000000000045a94                PROVIDE (__fini_array_end, ABSOLUTE (.))
 *(.eh_frame)
 *(.gcc_except_table .gcc_except_table.*)
 *(.dynamic)
                0x0000000000045a94                PROVIDE (__CTOR_LIST__, ABSOLUTE (.))
 *(.ctors)
 *(SORT(.ctors.*))
                0x0000000000045a94                PROVIDE (__CTOR_END__, ABSOLUTE (.))
                0x0000000000045a94                PROVIDE (__DTOR_LIST__, ABSOLUTE (.))
 *(.dtors)
 *(SORT(.dtors.*))
                0x0000000000045a94                PROVIDE (__DTOR_END__, ABSOLUTE (.))
 *(.jcr)
                0x0000000000045a94                . = ALIGN (0x4)

.rodata         0x0000000000045a94       0x5c
                0x0000000000045a94                PROVIDE (__ram_rodata_start, ABSOLUTE (.))
                0x0000000000045a94                . = ALIGN (0x4)
 *(.rodata .rodata.* .gnu.linkonce.r.*)
 .rodata        0x0000000000045a94       0x20 obj/default/hello_world.o
                0x0000000000045a94                segment_mapping
 .rodata.str1.4
                0x0000000000045ab4        0x2 c:/programs_2/altera/15.0/nios2eds/bin/gnu/h-x86_64-mingw32/bin/../lib/gcc/nios2-elf/4.9.1/../../../../../H-x86_64-mingw32/nios2-elf/lib/mno-hw-mul\libc.a(lib_a-puts.o)
                                          0x4 (size before relaxing)
 *fill*         0x0000000000045ab6        0x2 
 .rodata.str1.4
                0x0000000000045ab8        0x4 c:/programs_2/altera/15.0/nios2eds/bin/gnu/h-x86_64-mingw32/bin/../lib/gcc/nios2-elf/4.9.1/../../../../../H-x86_64-mingw32/nios2-elf/lib/mno-hw-mul\libc.a(lib_a-impure.o)
 .rodata        0x0000000000045abc        0xc ../Blinky_bsp/\libhal_bsp.a(alt_dev.o)
 .rodata        0x0000000000045ac8       0x14 ../Blinky_bsp/\libhal_bsp.a(alt_main.o)
 .rodata        0x0000000000045adc       0x14 ../Blinky_bsp/\libhal_bsp.a(alt_sys_init.o)
 *(.rodata1)
                0x0000000000045af0                . = ALIGN (0x4)
                0x0000000000045af0                PROVIDE (__ram_rodata_end, ABSOLUTE (.))
                0x0000000000045a94                PROVIDE (__flash_rodata_start, LOADADDR (.rodata))

.rwdata         0x0000000000045af0     0x1a6c load address 0x000000000004755c
                0x0000000000045af0                PROVIDE (__ram_rwdata_start, ABSOLUTE (.))
                0x0000000000045af0                . = ALIGN (0x4)
 *(.got.plt)
 *(.got)
 *(.data1)
 *(.data .data.* .gnu.linkonce.d.*)
 .data          0x0000000000045af0        0x0 ../Blinky_bsp//obj/HAL/src/crt0.o
 .data          0x0000000000045af0        0x0 obj/default/hello_world.o
 .data          0x0000000000045af0        0x0 c:/programs_2/altera/15.0/nios2eds/bin/gnu/h-x86_64-mingw32/bin/../lib/gcc/nios2-elf/4.9.1/mno-hw-mul\libgcc.a(lib2-divmod.o)
 .data          0x0000000000045af0        0x0 c:/programs_2/altera/15.0/nios2eds/bin/gnu/h-x86_64-mingw32/bin/../lib/gcc/nios2-elf/4.9.1/mno-hw-mul\libgcc.a(lib2-mul.o)
 .data          0x0000000000045af0        0x0 c:/programs_2/altera/15.0/nios2eds/bin/gnu/h-x86_64-mingw32/bin/../lib/gcc/nios2-elf/4.9.1/../../../../../H-x86_64-mingw32/nios2-elf/lib/mno-hw-mul\libc.a(lib_a-puts.o)
 .data          0x0000000000045af0        0x0 c:/programs_2/altera/15.0/nios2eds/bin/gnu/h-x86_64-mingw32/bin/../lib/gcc/nios2-elf/4.9.1/../../../../../H-x86_64-mingw32/nios2-elf/lib/mno-hw-mul\libc.a(lib_a-strlen.o)
 .data          0x0000000000045af0        0x0 c:/programs_2/altera/15.0/nios2eds/bin/gnu/h-x86_64-mingw32/bin/../lib/gcc/nios2-elf/4.9.1/../../../../../H-x86_64-mingw32/nios2-elf/lib/mno-hw-mul\libc.a(lib_a-fvwrite.o)
 .data          0x0000000000045af0      0x424 c:/programs_2/altera/15.0/nios2eds/bin/gnu/h-x86_64-mingw32/bin/../lib/gcc/nios2-elf/4.9.1/../../../../../H-x86_64-mingw32/nios2-elf/lib/mno-hw-mul\libc.a(lib_a-impure.o)
 .data          0x0000000000045f14      0x408 c:/programs_2/altera/15.0/nios2eds/bin/gnu/h-x86_64-mingw32/bin/../lib/gcc/nios2-elf/4.9.1/../../../../../H-x86_64-mingw32/nios2-elf/lib/mno-hw-mul\libc.a(lib_a-mallocr.o)
                0x0000000000045f14                __malloc_av_
 .data          0x000000000004631c        0x0 c:/programs_2/altera/15.0/nios2eds/bin/gnu/h-x86_64-mingw32/bin/../lib/gcc/nios2-elf/4.9.1/../../../../../H-x86_64-mingw32/nios2-elf/lib/mno-hw-mul\libc.a(lib_a-memchr.o)
 .data          0x000000000004631c        0x0 c:/programs_2/altera/15.0/nios2eds/bin/gnu/h-x86_64-mingw32/bin/../lib/gcc/nios2-elf/4.9.1/../../../../../H-x86_64-mingw32/nios2-elf/lib/mno-hw-mul\libc.a(lib_a-memcpy.o)
 .data          0x000000000004631c        0x0 c:/programs_2/altera/15.0/nios2eds/bin/gnu/h-x86_64-mingw32/bin/../lib/gcc/nios2-elf/4.9.1/../../../../../H-x86_64-mingw32/nios2-elf/lib/mno-hw-mul\libc.a(lib_a-memmove.o)
 .data          0x000000000004631c        0x0 c:/programs_2/altera/15.0/nios2eds/bin/gnu/h-x86_64-mingw32/bin/../lib/gcc/nios2-elf/4.9.1/../../../../../H-x86_64-mingw32/nios2-elf/lib/mno-hw-mul\libc.a(lib_a-reallocr.o)
 .data          0x000000000004631c        0x0 c:/programs_2/altera/15.0/nios2eds/bin/gnu/h-x86_64-mingw32/bin/../lib/gcc/nios2-elf/4.9.1/../../../../../H-x86_64-mingw32/nios2-elf/lib/mno-hw-mul\libc.a(lib_a-sbrkr.o)
 .data          0x000000000004631c        0x0 c:/programs_2/altera/15.0/nios2eds/bin/gnu/h-x86_64-mingw32/bin/../lib/gcc/nios2-elf/4.9.1/../../../../../H-x86_64-mingw32/nios2-elf/lib/mno-hw-mul\libc.a(lib_a-wsetup.o)
 .data          0x000000000004631c        0x0 c:/programs_2/altera/15.0/nios2eds/bin/gnu/h-x86_64-mingw32/bin/../lib/gcc/nios2-elf/4.9.1/../../../../../H-x86_64-mingw32/nios2-elf/lib/mno-hw-mul\libc.a(lib_a-fflush.o)
 .data          0x000000000004631c        0x0 c:/programs_2/altera/15.0/nios2eds/bin/gnu/h-x86_64-mingw32/bin/../lib/gcc/nios2-elf/4.9.1/../../../../../H-x86_64-mingw32/nios2-elf/lib/mno-hw-mul\libc.a(lib_a-findfp.o)
 .data          0x000000000004631c        0x0 c:/programs_2/altera/15.0/nios2eds/bin/gnu/h-x86_64-mingw32/bin/../lib/gcc/nios2-elf/4.9.1/../../../../../H-x86_64-mingw32/nios2-elf/lib/mno-hw-mul\libc.a(lib_a-freer.o)
 .data          0x000000000004631c        0x0 c:/programs_2/altera/15.0/nios2eds/bin/gnu/h-x86_64-mingw32/bin/../lib/gcc/nios2-elf/4.9.1/../../../../../H-x86_64-mingw32/nios2-elf/lib/mno-hw-mul\libc.a(lib_a-fwalk.o)
 .data          0x000000000004631c        0x0 c:/programs_2/altera/15.0/nios2eds/bin/gnu/h-x86_64-mingw32/bin/../lib/gcc/nios2-elf/4.9.1/../../../../../H-x86_64-mingw32/nios2-elf/lib/mno-hw-mul\libc.a(lib_a-int_errno.o)
 .data          0x000000000004631c        0x0 c:/programs_2/altera/15.0/nios2eds/bin/gnu/h-x86_64-mingw32/bin/../lib/gcc/nios2-elf/4.9.1/../../../../../H-x86_64-mingw32/nios2-elf/lib/mno-hw-mul\libc.a(lib_a-makebuf.o)
 .data          0x000000000004631c        0x0 c:/programs_2/altera/15.0/nios2eds/bin/gnu/h-x86_64-mingw32/bin/../lib/gcc/nios2-elf/4.9.1/../../../../../H-x86_64-mingw32/nios2-elf/lib/mno-hw-mul\libc.a(lib_a-memset.o)
 .data          0x000000000004631c        0x0 c:/programs_2/altera/15.0/nios2eds/bin/gnu/h-x86_64-mingw32/bin/../lib/gcc/nios2-elf/4.9.1/../../../../../H-x86_64-mingw32/nios2-elf/lib/mno-hw-mul\libc.a(lib_a-stdio.o)
 .data          0x000000000004631c        0x0 c:/programs_2/altera/15.0/nios2eds/bin/gnu/h-x86_64-mingw32/bin/../lib/gcc/nios2-elf/4.9.1/../../../../../H-x86_64-mingw32/nios2-elf/lib/mno-hw-mul\libc.a(lib_a-writer.o)
 .data          0x000000000004631c        0x0 c:/programs_2/altera/15.0/nios2eds/bin/gnu/h-x86_64-mingw32/bin/../lib/gcc/nios2-elf/4.9.1/../../../../../H-x86_64-mingw32/nios2-elf/lib/mno-hw-mul\libc.a(closer.o)
 .data          0x000000000004631c        0x0 c:/programs_2/altera/15.0/nios2eds/bin/gnu/h-x86_64-mingw32/bin/../lib/gcc/nios2-elf/4.9.1/../../../../../H-x86_64-mingw32/nios2-elf/lib/mno-hw-mul\libc.a(lib_a-fclose.o)
 .data          0x000000000004631c        0x0 c:/programs_2/altera/15.0/nios2eds/bin/gnu/h-x86_64-mingw32/bin/../lib/gcc/nios2-elf/4.9.1/../../../../../H-x86_64-mingw32/nios2-elf/lib/mno-hw-mul\libc.a(lib_a-fstatr.o)
 .data          0x000000000004631c        0x0 c:/programs_2/altera/15.0/nios2eds/bin/gnu/h-x86_64-mingw32/bin/../lib/gcc/nios2-elf/4.9.1/../../../../../H-x86_64-mingw32/nios2-elf/lib/mno-hw-mul\libc.a(lib_a-isattyr.o)
 .data          0x000000000004631c        0x0 c:/programs_2/altera/15.0/nios2eds/bin/gnu/h-x86_64-mingw32/bin/../lib/gcc/nios2-elf/4.9.1/../../../../../H-x86_64-mingw32/nios2-elf/lib/mno-hw-mul\libc.a(lib_a-lseekr.o)
 .data          0x000000000004631c        0x0 c:/programs_2/altera/15.0/nios2eds/bin/gnu/h-x86_64-mingw32/bin/../lib/gcc/nios2-elf/4.9.1/../../../../../H-x86_64-mingw32/nios2-elf/lib/mno-hw-mul\libc.a(lib_a-readr.o)
 .data          0x000000000004631c        0x0 ../Blinky_bsp/\libhal_bsp.a(alt_close.o)
 .data          0x000000000004631c      0x1a8 ../Blinky_bsp/\libhal_bsp.a(alt_dev.o)
                0x000000000004631c                alt_dev_null
                0x0000000000046344                alt_fd_list
 .data          0x00000000000464c4        0x0 ../Blinky_bsp/\libhal_bsp.a(alt_errno.o)
 .data          0x00000000000464c4        0x0 ../Blinky_bsp/\libhal_bsp.a(alt_fstat.o)
 .data          0x00000000000464c4        0x0 ../Blinky_bsp/\libhal_bsp.a(alt_isatty.o)
 .data          0x00000000000464c4        0x0 ../Blinky_bsp/\libhal_bsp.a(alt_load.o)
 .data          0x00000000000464c4        0x0 ../Blinky_bsp/\libhal_bsp.a(alt_lseek.o)
 .data          0x00000000000464c4        0x0 ../Blinky_bsp/\libhal_bsp.a(alt_main.o)
 .data          0x00000000000464c4        0x0 ../Blinky_bsp/\libhal_bsp.a(alt_malloc_lock.o)
 .data          0x00000000000464c4        0x0 ../Blinky_bsp/\libhal_bsp.a(alt_read.o)
 .data          0x00000000000464c4        0x0 ../Blinky_bsp/\libhal_bsp.a(alt_release_fd.o)
 .data          0x00000000000464c4        0x0 ../Blinky_bsp/\libhal_bsp.a(alt_sbrk.o)
 .data          0x00000000000464c4        0x0 ../Blinky_bsp/\libhal_bsp.a(alt_usleep.o)
 .data          0x00000000000464c4        0x0 ../Blinky_bsp/\libhal_bsp.a(alt_write.o)
 .data          0x00000000000464c4     0x1060 ../Blinky_bsp/\libhal_bsp.a(alt_sys_init.o)
 .data          0x0000000000047524        0x0 ../Blinky_bsp/\libhal_bsp.a(altera_avalon_jtag_uart_fd.o)
 .data          0x0000000000047524        0x0 ../Blinky_bsp/\libhal_bsp.a(altera_avalon_jtag_uart_init.o)
 .data          0x0000000000047524        0x0 ../Blinky_bsp/\libhal_bsp.a(altera_avalon_jtag_uart_ioctl.o)
 .data          0x0000000000047524        0x0 ../Blinky_bsp/\libhal_bsp.a(altera_avalon_jtag_uart_read.o)
 .data          0x0000000000047524        0x0 ../Blinky_bsp/\libhal_bsp.a(altera_avalon_jtag_uart_write.o)
 .data          0x0000000000047524        0x0 ../Blinky_bsp/\libhal_bsp.a(alt_alarm_start.o)
 .data          0x0000000000047524        0x0 ../Blinky_bsp/\libhal_bsp.a(alt_busy_sleep.o)
 .data          0x0000000000047524        0x0 ../Blinky_bsp/\libhal_bsp.a(alt_dcache_flush_all.o)
 .data          0x0000000000047524        0x0 ../Blinky_bsp/\libhal_bsp.a(alt_dev_llist_insert.o)
 .data          0x0000000000047524        0x0 ../Blinky_bsp/\libhal_bsp.a(alt_do_ctors.o)
 .data          0x0000000000047524        0x0 ../Blinky_bsp/\libhal_bsp.a(alt_do_dtors.o)
 .data          0x0000000000047524        0x0 ../Blinky_bsp/\libhal_bsp.a(alt_icache_flush_all.o)
 .data          0x0000000000047524        0x0 ../Blinky_bsp/\libhal_bsp.a(alt_iic.o)
 .data          0x0000000000047524        0x0 ../Blinky_bsp/\libhal_bsp.a(alt_iic_isr_register.o)
 .data          0x0000000000047524        0x0 ../Blinky_bsp/\libhal_bsp.a(alt_io_redirect.o)
 .data          0x0000000000047524        0x0 ../Blinky_bsp/\libhal_bsp.a(alt_irq_entry.o)
 .data          0x0000000000047524        0x0 ../Blinky_bsp/\libhal_bsp.a(alt_irq_handler.o)
 .data          0x0000000000047524        0x0 ../Blinky_bsp/\libhal_bsp.a(alt_irq_vars.o)
 .data          0x0000000000047524        0x0 ../Blinky_bsp/\libhal_bsp.a(alt_open.o)
 .data          0x0000000000047524        0x0 ../Blinky_bsp/\libhal_bsp.a(alt_tick.o)
 .data          0x0000000000047524        0x0 ../Blinky_bsp/\libhal_bsp.a(altera_nios2_qsys_irq.o)
 .data          0x0000000000047524        0x0 ../Blinky_bsp/\libhal_bsp.a(alt_exception_entry.o)
 .data          0x0000000000047524        0x0 ../Blinky_bsp/\libhal_bsp.a(alt_find_dev.o)
 .data          0x0000000000047524        0x0 ../Blinky_bsp/\libhal_bsp.a(alt_find_file.o)
 .data          0x0000000000047524        0x0 ../Blinky_bsp/\libhal_bsp.a(alt_get_fd.o)
 .data          0x0000000000047524        0x0 c:/programs_2/altera/15.0/nios2eds/bin/gnu/h-x86_64-mingw32/bin/../lib/gcc/nios2-elf/4.9.1/../../../../../H-x86_64-mingw32/nios2-elf/lib/mno-hw-mul\libc.a(lib_a-atexit.o)
 .data          0x0000000000047524        0x0 c:/programs_2/altera/15.0/nios2eds/bin/gnu/h-x86_64-mingw32/bin/../lib/gcc/nios2-elf/4.9.1/../../../../../H-x86_64-mingw32/nios2-elf/lib/mno-hw-mul\libc.a(lib_a-exit.o)
 .data          0x0000000000047524        0x0 c:/programs_2/altera/15.0/nios2eds/bin/gnu/h-x86_64-mingw32/bin/../lib/gcc/nios2-elf/4.9.1/../../../../../H-x86_64-mingw32/nios2-elf/lib/mno-hw-mul\libc.a(lib_a-memcmp.o)
 .data          0x0000000000047524        0x0 c:/programs_2/altera/15.0/nios2eds/bin/gnu/h-x86_64-mingw32/bin/../lib/gcc/nios2-elf/4.9.1/../../../../../H-x86_64-mingw32/nios2-elf/lib/mno-hw-mul\libc.a(lib_a-__atexit.o)
 .data          0x0000000000047524        0x0 c:/programs_2/altera/15.0/nios2eds/bin/gnu/h-x86_64-mingw32/bin/../lib/gcc/nios2-elf/4.9.1/../../../../../H-x86_64-mingw32/nios2-elf/lib/mno-hw-mul\libc.a(lib_a-__call_atexit.o)
 .data          0x0000000000047524        0x0 ../Blinky_bsp/\libhal_bsp.a(alt_exit.o)
                0x000000000004f524                _gp = ABSOLUTE ((. + 0x8000))
                0x000000000004f524                PROVIDE (gp, _gp)
 *(.rwdata .rwdata.*)
 *(.sdata .sdata.* .gnu.linkonce.s.*)
 .sdata         0x0000000000047524        0x8 c:/programs_2/altera/15.0/nios2eds/bin/gnu/h-x86_64-mingw32/bin/../lib/gcc/nios2-elf/4.9.1/../../../../../H-x86_64-mingw32/nios2-elf/lib/mno-hw-mul\libc.a(lib_a-impure.o)
                0x0000000000047524                _global_impure_ptr
                0x0000000000047528                _impure_ptr
 .sdata         0x000000000004752c        0x8 c:/programs_2/altera/15.0/nios2eds/bin/gnu/h-x86_64-mingw32/bin/../lib/gcc/nios2-elf/4.9.1/../../../../../H-x86_64-mingw32/nios2-elf/lib/mno-hw-mul\libc.a(lib_a-mallocr.o)
                0x000000000004752c                __malloc_sbrk_base
                0x0000000000047530                __malloc_trim_threshold
 .sdata         0x0000000000047534       0x14 ../Blinky_bsp/\libhal_bsp.a(alt_dev.o)
                0x0000000000047534                alt_fs_list
                0x000000000004753c                alt_dev_list
                0x0000000000047544                alt_max_fd
 .sdata         0x0000000000047548        0x4 ../Blinky_bsp/\libhal_bsp.a(alt_errno.o)
                0x0000000000047548                alt_errno
 .sdata         0x000000000004754c        0x4 ../Blinky_bsp/\libhal_bsp.a(alt_sbrk.o)
 .sdata         0x0000000000047550        0x4 ../Blinky_bsp/\libhal_bsp.a(alt_irq_vars.o)
                0x0000000000047550                alt_priority_mask
 .sdata         0x0000000000047554        0x8 ../Blinky_bsp/\libhal_bsp.a(alt_tick.o)
                0x0000000000047554                alt_alarm_list
 *(.sdata2 .sdata2.* .gnu.linkonce.s2.*)
                0x000000000004755c                . = ALIGN (0x4)
                0x000000000004755c                _edata = ABSOLUTE (.)
                0x000000000004755c                PROVIDE (edata, ABSOLUTE (.))
                0x000000000004755c                PROVIDE (__ram_rwdata_end, ABSOLUTE (.))
                0x000000000004755c                PROVIDE (__flash_rwdata_start, LOADADDR (.rwdata))

.bss            0x0000000000048fc8      0x150
                0x0000000000048fc8                __bss_start = ABSOLUTE (.)
                0x0000000000048fc8                PROVIDE (__sbss_start, ABSOLUTE (.))
                0x0000000000048fc8                PROVIDE (___sbss_start, ABSOLUTE (.))
 *(.dynsbss)
 *(.sbss .sbss.* .gnu.linkonce.sb.*)
 .sbss          0x0000000000048fc8        0xc c:/programs_2/altera/15.0/nios2eds/bin/gnu/h-x86_64-mingw32/bin/../lib/gcc/nios2-elf/4.9.1/../../../../../H-x86_64-mingw32/nios2-elf/lib/mno-hw-mul\libc.a(lib_a-mallocr.o)
                0x0000000000048fc8                __malloc_max_total_mem
                0x0000000000048fcc                __malloc_max_sbrked_mem
                0x0000000000048fd0                __malloc_top_pad
 .sbss          0x0000000000048fd4        0x4 c:/programs_2/altera/15.0/nios2eds/bin/gnu/h-x86_64-mingw32/bin/../lib/gcc/nios2-elf/4.9.1/../../../../../H-x86_64-mingw32/nios2-elf/lib/mno-hw-mul\libc.a(lib_a-int_errno.o)
                0x0000000000048fd4                errno
 .sbss          0x0000000000048fd8        0xc ../Blinky_bsp/\libhal_bsp.a(alt_main.o)
                0x0000000000048fd8                alt_argc
                0x0000000000048fdc                alt_argv
                0x0000000000048fe0                alt_envp
 .sbss          0x0000000000048fe4        0x4 ../Blinky_bsp/\libhal_bsp.a(alt_irq_vars.o)
                0x0000000000048fe4                alt_irq_active
 .sbss          0x0000000000048fe8        0x8 ../Blinky_bsp/\libhal_bsp.a(alt_tick.o)
                0x0000000000048fe8                _alt_tick_rate
                0x0000000000048fec                _alt_nticks
 *(.sbss2 .sbss2.* .gnu.linkonce.sb2.*)
 *(.scommon)
                0x0000000000048ff0                PROVIDE (__sbss_end, ABSOLUTE (.))
                0x0000000000048ff0                PROVIDE (___sbss_end, ABSOLUTE (.))
 *(.dynbss)
 *(.bss .bss.* .gnu.linkonce.b.*)
 .bss           0x0000000000048ff0        0x0 ../Blinky_bsp//obj/HAL/src/crt0.o
 .bss           0x0000000000048ff0        0x0 obj/default/hello_world.o
 .bss           0x0000000000048ff0        0x0 c:/programs_2/altera/15.0/nios2eds/bin/gnu/h-x86_64-mingw32/bin/../lib/gcc/nios2-elf/4.9.1/mno-hw-mul\libgcc.a(lib2-divmod.o)
 .bss           0x0000000000048ff0        0x0 c:/programs_2/altera/15.0/nios2eds/bin/gnu/h-x86_64-mingw32/bin/../lib/gcc/nios2-elf/4.9.1/mno-hw-mul\libgcc.a(lib2-mul.o)
 .bss           0x0000000000048ff0        0x0 c:/programs_2/altera/15.0/nios2eds/bin/gnu/h-x86_64-mingw32/bin/../lib/gcc/nios2-elf/4.9.1/../../../../../H-x86_64-mingw32/nios2-elf/lib/mno-hw-mul\libc.a(lib_a-puts.o)
 .bss           0x0000000000048ff0        0x0 c:/programs_2/altera/15.0/nios2eds/bin/gnu/h-x86_64-mingw32/bin/../lib/gcc/nios2-elf/4.9.1/../../../../../H-x86_64-mingw32/nios2-elf/lib/mno-hw-mul\libc.a(lib_a-strlen.o)
 .bss           0x0000000000048ff0        0x0 c:/programs_2/altera/15.0/nios2eds/bin/gnu/h-x86_64-mingw32/bin/../lib/gcc/nios2-elf/4.9.1/../../../../../H-x86_64-mingw32/nios2-elf/lib/mno-hw-mul\libc.a(lib_a-fvwrite.o)
 .bss           0x0000000000048ff0        0x0 c:/programs_2/altera/15.0/nios2eds/bin/gnu/h-x86_64-mingw32/bin/../lib/gcc/nios2-elf/4.9.1/../../../../../H-x86_64-mingw32/nios2-elf/lib/mno-hw-mul\libc.a(lib_a-impure.o)
 .bss           0x0000000000048ff0       0x28 c:/programs_2/altera/15.0/nios2eds/bin/gnu/h-x86_64-mingw32/bin/../lib/gcc/nios2-elf/4.9.1/../../../../../H-x86_64-mingw32/nios2-elf/lib/mno-hw-mul\libc.a(lib_a-mallocr.o)
                0x0000000000048ff0                __malloc_current_mallinfo
 .bss           0x0000000000049018        0x0 c:/programs_2/altera/15.0/nios2eds/bin/gnu/h-x86_64-mingw32/bin/../lib/gcc/nios2-elf/4.9.1/../../../../../H-x86_64-mingw32/nios2-elf/lib/mno-hw-mul\libc.a(lib_a-memchr.o)
 .bss           0x0000000000049018        0x0 c:/programs_2/altera/15.0/nios2eds/bin/gnu/h-x86_64-mingw32/bin/../lib/gcc/nios2-elf/4.9.1/../../../../../H-x86_64-mingw32/nios2-elf/lib/mno-hw-mul\libc.a(lib_a-memcpy.o)
 .bss           0x0000000000049018        0x0 c:/programs_2/altera/15.0/nios2eds/bin/gnu/h-x86_64-mingw32/bin/../lib/gcc/nios2-elf/4.9.1/../../../../../H-x86_64-mingw32/nios2-elf/lib/mno-hw-mul\libc.a(lib_a-memmove.o)
 .bss           0x0000000000049018        0x0 c:/programs_2/altera/15.0/nios2eds/bin/gnu/h-x86_64-mingw32/bin/../lib/gcc/nios2-elf/4.9.1/../../../../../H-x86_64-mingw32/nios2-elf/lib/mno-hw-mul\libc.a(lib_a-reallocr.o)
 .bss           0x0000000000049018        0x0 c:/programs_2/altera/15.0/nios2eds/bin/gnu/h-x86_64-mingw32/bin/../lib/gcc/nios2-elf/4.9.1/../../../../../H-x86_64-mingw32/nios2-elf/lib/mno-hw-mul\libc.a(lib_a-sbrkr.o)
 .bss           0x0000000000049018        0x0 c:/programs_2/altera/15.0/nios2eds/bin/gnu/h-x86_64-mingw32/bin/../lib/gcc/nios2-elf/4.9.1/../../../../../H-x86_64-mingw32/nios2-elf/lib/mno-hw-mul\libc.a(lib_a-wsetup.o)
 .bss           0x0000000000049018        0x0 c:/programs_2/altera/15.0/nios2eds/bin/gnu/h-x86_64-mingw32/bin/../lib/gcc/nios2-elf/4.9.1/../../../../../H-x86_64-mingw32/nios2-elf/lib/mno-hw-mul\libc.a(lib_a-fflush.o)
 .bss           0x0000000000049018        0x0 c:/programs_2/altera/15.0/nios2eds/bin/gnu/h-x86_64-mingw32/bin/../lib/gcc/nios2-elf/4.9.1/../../../../../H-x86_64-mingw32/nios2-elf/lib/mno-hw-mul\libc.a(lib_a-findfp.o)
 .bss           0x0000000000049018        0x0 c:/programs_2/altera/15.0/nios2eds/bin/gnu/h-x86_64-mingw32/bin/../lib/gcc/nios2-elf/4.9.1/../../../../../H-x86_64-mingw32/nios2-elf/lib/mno-hw-mul\libc.a(lib_a-freer.o)
 .bss           0x0000000000049018        0x0 c:/programs_2/altera/15.0/nios2eds/bin/gnu/h-x86_64-mingw32/bin/../lib/gcc/nios2-elf/4.9.1/../../../../../H-x86_64-mingw32/nios2-elf/lib/mno-hw-mul\libc.a(lib_a-fwalk.o)
 .bss           0x0000000000049018        0x0 c:/programs_2/altera/15.0/nios2eds/bin/gnu/h-x86_64-mingw32/bin/../lib/gcc/nios2-elf/4.9.1/../../../../../H-x86_64-mingw32/nios2-elf/lib/mno-hw-mul\libc.a(lib_a-int_errno.o)
 .bss           0x0000000000049018        0x0 c:/programs_2/altera/15.0/nios2eds/bin/gnu/h-x86_64-mingw32/bin/../lib/gcc/nios2-elf/4.9.1/../../../../../H-x86_64-mingw32/nios2-elf/lib/mno-hw-mul\libc.a(lib_a-makebuf.o)
 .bss           0x0000000000049018        0x0 c:/programs_2/altera/15.0/nios2eds/bin/gnu/h-x86_64-mingw32/bin/../lib/gcc/nios2-elf/4.9.1/../../../../../H-x86_64-mingw32/nios2-elf/lib/mno-hw-mul\libc.a(lib_a-memset.o)
 .bss           0x0000000000049018        0x0 c:/programs_2/altera/15.0/nios2eds/bin/gnu/h-x86_64-mingw32/bin/../lib/gcc/nios2-elf/4.9.1/../../../../../H-x86_64-mingw32/nios2-elf/lib/mno-hw-mul\libc.a(lib_a-stdio.o)
 .bss           0x0000000000049018        0x0 c:/programs_2/altera/15.0/nios2eds/bin/gnu/h-x86_64-mingw32/bin/../lib/gcc/nios2-elf/4.9.1/../../../../../H-x86_64-mingw32/nios2-elf/lib/mno-hw-mul\libc.a(lib_a-writer.o)
 .bss           0x0000000000049018        0x0 c:/programs_2/altera/15.0/nios2eds/bin/gnu/h-x86_64-mingw32/bin/../lib/gcc/nios2-elf/4.9.1/../../../../../H-x86_64-mingw32/nios2-elf/lib/mno-hw-mul\libc.a(closer.o)
 .bss           0x0000000000049018        0x0 c:/programs_2/altera/15.0/nios2eds/bin/gnu/h-x86_64-mingw32/bin/../lib/gcc/nios2-elf/4.9.1/../../../../../H-x86_64-mingw32/nios2-elf/lib/mno-hw-mul\libc.a(lib_a-fclose.o)
 .bss           0x0000000000049018        0x0 c:/programs_2/altera/15.0/nios2eds/bin/gnu/h-x86_64-mingw32/bin/../lib/gcc/nios2-elf/4.9.1/../../../../../H-x86_64-mingw32/nios2-elf/lib/mno-hw-mul\libc.a(lib_a-fstatr.o)
 .bss           0x0000000000049018        0x0 c:/programs_2/altera/15.0/nios2eds/bin/gnu/h-x86_64-mingw32/bin/../lib/gcc/nios2-elf/4.9.1/../../../../../H-x86_64-mingw32/nios2-elf/lib/mno-hw-mul\libc.a(lib_a-isattyr.o)
 .bss           0x0000000000049018        0x0 c:/programs_2/altera/15.0/nios2eds/bin/gnu/h-x86_64-mingw32/bin/../lib/gcc/nios2-elf/4.9.1/../../../../../H-x86_64-mingw32/nios2-elf/lib/mno-hw-mul\libc.a(lib_a-lseekr.o)
 .bss           0x0000000000049018        0x0 c:/programs_2/altera/15.0/nios2eds/bin/gnu/h-x86_64-mingw32/bin/../lib/gcc/nios2-elf/4.9.1/../../../../../H-x86_64-mingw32/nios2-elf/lib/mno-hw-mul\libc.a(lib_a-readr.o)
 .bss           0x0000000000049018        0x0 ../Blinky_bsp/\libhal_bsp.a(alt_close.o)
 .bss           0x0000000000049018        0x0 ../Blinky_bsp/\libhal_bsp.a(alt_dev.o)
 .bss           0x0000000000049018        0x0 ../Blinky_bsp/\libhal_bsp.a(alt_errno.o)
 .bss           0x0000000000049018        0x0 ../Blinky_bsp/\libhal_bsp.a(alt_fstat.o)
 .bss           0x0000000000049018        0x0 ../Blinky_bsp/\libhal_bsp.a(alt_isatty.o)
 .bss           0x0000000000049018        0x0 ../Blinky_bsp/\libhal_bsp.a(alt_load.o)
 .bss           0x0000000000049018        0x0 ../Blinky_bsp/\libhal_bsp.a(alt_lseek.o)
 .bss           0x0000000000049018        0x0 ../Blinky_bsp/\libhal_bsp.a(alt_main.o)
 .bss           0x0000000000049018        0x0 ../Blinky_bsp/\libhal_bsp.a(alt_malloc_lock.o)
 .bss           0x0000000000049018        0x0 ../Blinky_bsp/\libhal_bsp.a(alt_read.o)
 .bss           0x0000000000049018        0x0 ../Blinky_bsp/\libhal_bsp.a(alt_release_fd.o)
 .bss           0x0000000000049018        0x0 ../Blinky_bsp/\libhal_bsp.a(alt_sbrk.o)
 .bss           0x0000000000049018        0x0 ../Blinky_bsp/\libhal_bsp.a(alt_usleep.o)
 .bss           0x0000000000049018        0x0 ../Blinky_bsp/\libhal_bsp.a(alt_write.o)
 .bss           0x0000000000049018        0x0 ../Blinky_bsp/\libhal_bsp.a(alt_sys_init.o)
 .bss           0x0000000000049018        0x0 ../Blinky_bsp/\libhal_bsp.a(altera_avalon_jtag_uart_fd.o)
 .bss           0x0000000000049018        0x0 ../Blinky_bsp/\libhal_bsp.a(altera_avalon_jtag_uart_init.o)
 .bss           0x0000000000049018        0x0 ../Blinky_bsp/\libhal_bsp.a(altera_avalon_jtag_uart_ioctl.o)
 .bss           0x0000000000049018        0x0 ../Blinky_bsp/\libhal_bsp.a(altera_avalon_jtag_uart_read.o)
 .bss           0x0000000000049018        0x0 ../Blinky_bsp/\libhal_bsp.a(altera_avalon_jtag_uart_write.o)
 .bss           0x0000000000049018        0x0 ../Blinky_bsp/\libhal_bsp.a(alt_alarm_start.o)
 .bss           0x0000000000049018        0x0 ../Blinky_bsp/\libhal_bsp.a(alt_busy_sleep.o)
 .bss           0x0000000000049018        0x0 ../Blinky_bsp/\libhal_bsp.a(alt_dcache_flush_all.o)
 .bss           0x0000000000049018        0x0 ../Blinky_bsp/\libhal_bsp.a(alt_dev_llist_insert.o)
 .bss           0x0000000000049018        0x0 ../Blinky_bsp/\libhal_bsp.a(alt_do_ctors.o)
 .bss           0x0000000000049018        0x0 ../Blinky_bsp/\libhal_bsp.a(alt_do_dtors.o)
 .bss           0x0000000000049018        0x0 ../Blinky_bsp/\libhal_bsp.a(alt_icache_flush_all.o)
 .bss           0x0000000000049018        0x0 ../Blinky_bsp/\libhal_bsp.a(alt_iic.o)
 .bss           0x0000000000049018        0x0 ../Blinky_bsp/\libhal_bsp.a(alt_iic_isr_register.o)
 .bss           0x0000000000049018        0x0 ../Blinky_bsp/\libhal_bsp.a(alt_io_redirect.o)
 .bss           0x0000000000049018        0x0 ../Blinky_bsp/\libhal_bsp.a(alt_irq_entry.o)
 .bss           0x0000000000049018        0x0 ../Blinky_bsp/\libhal_bsp.a(alt_irq_handler.o)
 .bss           0x0000000000049018        0x0 ../Blinky_bsp/\libhal_bsp.a(alt_irq_vars.o)
 .bss           0x0000000000049018        0x0 ../Blinky_bsp/\libhal_bsp.a(alt_open.o)
 .bss           0x0000000000049018        0x0 ../Blinky_bsp/\libhal_bsp.a(alt_tick.o)
 .bss           0x0000000000049018        0x0 ../Blinky_bsp/\libhal_bsp.a(altera_nios2_qsys_irq.o)
 .bss           0x0000000000049018        0x0 ../Blinky_bsp/\libhal_bsp.a(alt_exception_entry.o)
 .bss           0x0000000000049018        0x0 ../Blinky_bsp/\libhal_bsp.a(alt_find_dev.o)
 .bss           0x0000000000049018        0x0 ../Blinky_bsp/\libhal_bsp.a(alt_find_file.o)
 .bss           0x0000000000049018        0x0 ../Blinky_bsp/\libhal_bsp.a(alt_get_fd.o)
 .bss           0x0000000000049018        0x0 c:/programs_2/altera/15.0/nios2eds/bin/gnu/h-x86_64-mingw32/bin/../lib/gcc/nios2-elf/4.9.1/../../../../../H-x86_64-mingw32/nios2-elf/lib/mno-hw-mul\libc.a(lib_a-atexit.o)
 .bss           0x0000000000049018        0x0 c:/programs_2/altera/15.0/nios2eds/bin/gnu/h-x86_64-mingw32/bin/../lib/gcc/nios2-elf/4.9.1/../../../../../H-x86_64-mingw32/nios2-elf/lib/mno-hw-mul\libc.a(lib_a-exit.o)
 .bss           0x0000000000049018        0x0 c:/programs_2/altera/15.0/nios2eds/bin/gnu/h-x86_64-mingw32/bin/../lib/gcc/nios2-elf/4.9.1/../../../../../H-x86_64-mingw32/nios2-elf/lib/mno-hw-mul\libc.a(lib_a-memcmp.o)
 .bss           0x0000000000049018        0x0 c:/programs_2/altera/15.0/nios2eds/bin/gnu/h-x86_64-mingw32/bin/../lib/gcc/nios2-elf/4.9.1/../../../../../H-x86_64-mingw32/nios2-elf/lib/mno-hw-mul\libc.a(lib_a-__atexit.o)
 .bss           0x0000000000049018        0x0 c:/programs_2/altera/15.0/nios2eds/bin/gnu/h-x86_64-mingw32/bin/../lib/gcc/nios2-elf/4.9.1/../../../../../H-x86_64-mingw32/nios2-elf/lib/mno-hw-mul\libc.a(lib_a-__call_atexit.o)
 .bss           0x0000000000049018        0x0 ../Blinky_bsp/\libhal_bsp.a(alt_exit.o)
 *(COMMON)
 COMMON         0x0000000000049018      0x100 ../Blinky_bsp/\libhal_bsp.a(alt_irq_handler.o)
                0x0000000000049018                alt_irq
                0x0000000000049118                . = ALIGN (0x4)
                0x0000000000049118                __bss_end = ABSOLUTE (.)

.onchip_memory  0x0000000000049118        0x0
                0x0000000000049118                PROVIDE (_alt_partition_onchip_memory_start, ABSOLUTE (.))
 *(.onchip_memory .onchip_memory. onchip_memory.*)
                0x0000000000049118                . = ALIGN (0x4)
                0x0000000000049118                PROVIDE (_alt_partition_onchip_memory_end, ABSOLUTE (.))
                0x0000000000049118                _end = ABSOLUTE (.)
                0x0000000000049118                end = ABSOLUTE (.)
                0x0000000000049118                __alt_stack_base = ABSOLUTE (.)
                0x0000000000049118                PROVIDE (_alt_partition_onchip_memory_load_addr, LOADADDR (.onchip_memory))

.stab
 *(.stab)

.stabstr
 *(.stabstr)

.stab.excl
 *(.stab.excl)

.stab.exclstr
 *(.stab.exclstr)

.stab.index
 *(.stab.index)

.stab.indexstr
 *(.stab.indexstr)

.comment        0x0000000000000000       0x23
 *(.comment)
 .comment       0x0000000000000000       0x23 obj/default/hello_world.o
                                         0x24 (size before relaxing)
 .comment       0x0000000000000000       0x24 c:/programs_2/altera/15.0/nios2eds/bin/gnu/h-x86_64-mingw32/bin/../lib/gcc/nios2-elf/4.9.1/mno-hw-mul\libgcc.a(lib2-divmod.o)
 .comment       0x0000000000000000       0x24 c:/programs_2/altera/15.0/nios2eds/bin/gnu/h-x86_64-mingw32/bin/../lib/gcc/nios2-elf/4.9.1/mno-hw-mul\libgcc.a(lib2-mul.o)
 .comment       0x0000000000000000       0x24 c:/programs_2/altera/15.0/nios2eds/bin/gnu/h-x86_64-mingw32/bin/../lib/gcc/nios2-elf/4.9.1/../../../../../H-x86_64-mingw32/nios2-elf/lib/mno-hw-mul\libc.a(lib_a-puts.o)
 .comment       0x0000000000000000       0x24 c:/programs_2/altera/15.0/nios2eds/bin/gnu/h-x86_64-mingw32/bin/../lib/gcc/nios2-elf/4.9.1/../../../../../H-x86_64-mingw32/nios2-elf/lib/mno-hw-mul\libc.a(lib_a-strlen.o)
 .comment       0x0000000000000000       0x24 c:/programs_2/altera/15.0/nios2eds/bin/gnu/h-x86_64-mingw32/bin/../lib/gcc/nios2-elf/4.9.1/../../../../../H-x86_64-mingw32/nios2-elf/lib/mno-hw-mul\libc.a(lib_a-fvwrite.o)
 .comment       0x0000000000000000       0x24 c:/programs_2/altera/15.0/nios2eds/bin/gnu/h-x86_64-mingw32/bin/../lib/gcc/nios2-elf/4.9.1/../../../../../H-x86_64-mingw32/nios2-elf/lib/mno-hw-mul\libc.a(lib_a-impure.o)
 .comment       0x0000000000000000       0x24 c:/programs_2/altera/15.0/nios2eds/bin/gnu/h-x86_64-mingw32/bin/../lib/gcc/nios2-elf/4.9.1/../../../../../H-x86_64-mingw32/nios2-elf/lib/mno-hw-mul\libc.a(lib_a-mallocr.o)
 .comment       0x0000000000000000       0x24 c:/programs_2/altera/15.0/nios2eds/bin/gnu/h-x86_64-mingw32/bin/../lib/gcc/nios2-elf/4.9.1/../../../../../H-x86_64-mingw32/nios2-elf/lib/mno-hw-mul\libc.a(lib_a-memchr.o)
 .comment       0x0000000000000000       0x24 c:/programs_2/altera/15.0/nios2eds/bin/gnu/h-x86_64-mingw32/bin/../lib/gcc/nios2-elf/4.9.1/../../../../../H-x86_64-mingw32/nios2-elf/lib/mno-hw-mul\libc.a(lib_a-memcpy.o)
 .comment       0x0000000000000000       0x24 c:/programs_2/altera/15.0/nios2eds/bin/gnu/h-x86_64-mingw32/bin/../lib/gcc/nios2-elf/4.9.1/../../../../../H-x86_64-mingw32/nios2-elf/lib/mno-hw-mul\libc.a(lib_a-memmove.o)
 .comment       0x0000000000000000       0x24 c:/programs_2/altera/15.0/nios2eds/bin/gnu/h-x86_64-mingw32/bin/../lib/gcc/nios2-elf/4.9.1/../../../../../H-x86_64-mingw32/nios2-elf/lib/mno-hw-mul\libc.a(lib_a-reallocr.o)
 .comment       0x0000000000000000       0x24 c:/programs_2/altera/15.0/nios2eds/bin/gnu/h-x86_64-mingw32/bin/../lib/gcc/nios2-elf/4.9.1/../../../../../H-x86_64-mingw32/nios2-elf/lib/mno-hw-mul\libc.a(lib_a-sbrkr.o)
 .comment       0x0000000000000000       0x24 c:/programs_2/altera/15.0/nios2eds/bin/gnu/h-x86_64-mingw32/bin/../lib/gcc/nios2-elf/4.9.1/../../../../../H-x86_64-mingw32/nios2-elf/lib/mno-hw-mul\libc.a(lib_a-wsetup.o)
 .comment       0x0000000000000000       0x24 c:/programs_2/altera/15.0/nios2eds/bin/gnu/h-x86_64-mingw32/bin/../lib/gcc/nios2-elf/4.9.1/../../../../../H-x86_64-mingw32/nios2-elf/lib/mno-hw-mul\libc.a(lib_a-fflush.o)
 .comment       0x0000000000000000       0x24 c:/programs_2/altera/15.0/nios2eds/bin/gnu/h-x86_64-mingw32/bin/../lib/gcc/nios2-elf/4.9.1/../../../../../H-x86_64-mingw32/nios2-elf/lib/mno-hw-mul\libc.a(lib_a-findfp.o)
 .comment       0x0000000000000000       0x24 c:/programs_2/altera/15.0/nios2eds/bin/gnu/h-x86_64-mingw32/bin/../lib/gcc/nios2-elf/4.9.1/../../../../../H-x86_64-mingw32/nios2-elf/lib/mno-hw-mul\libc.a(lib_a-freer.o)
 .comment       0x0000000000000000       0x24 c:/programs_2/altera/15.0/nios2eds/bin/gnu/h-x86_64-mingw32/bin/../lib/gcc/nios2-elf/4.9.1/../../../../../H-x86_64-mingw32/nios2-elf/lib/mno-hw-mul\libc.a(lib_a-fwalk.o)
 .comment       0x0000000000000000       0x24 c:/programs_2/altera/15.0/nios2eds/bin/gnu/h-x86_64-mingw32/bin/../lib/gcc/nios2-elf/4.9.1/../../../../../H-x86_64-mingw32/nios2-elf/lib/mno-hw-mul\libc.a(lib_a-int_errno.o)
 .comment       0x0000000000000000       0x24 c:/programs_2/altera/15.0/nios2eds/bin/gnu/h-x86_64-mingw32/bin/../lib/gcc/nios2-elf/4.9.1/../../../../../H-x86_64-mingw32/nios2-elf/lib/mno-hw-mul\libc.a(lib_a-makebuf.o)
 .comment       0x0000000000000000       0x24 c:/programs_2/altera/15.0/nios2eds/bin/gnu/h-x86_64-mingw32/bin/../lib/gcc/nios2-elf/4.9.1/../../../../../H-x86_64-mingw32/nios2-elf/lib/mno-hw-mul\libc.a(lib_a-memset.o)
 .comment       0x0000000000000000       0x24 c:/programs_2/altera/15.0/nios2eds/bin/gnu/h-x86_64-mingw32/bin/../lib/gcc/nios2-elf/4.9.1/../../../../../H-x86_64-mingw32/nios2-elf/lib/mno-hw-mul\libc.a(lib_a-stdio.o)
 .comment       0x0000000000000000       0x24 c:/programs_2/altera/15.0/nios2eds/bin/gnu/h-x86_64-mingw32/bin/../lib/gcc/nios2-elf/4.9.1/../../../../../H-x86_64-mingw32/nios2-elf/lib/mno-hw-mul\libc.a(lib_a-writer.o)
 .comment       0x0000000000000000       0x24 c:/programs_2/altera/15.0/nios2eds/bin/gnu/h-x86_64-mingw32/bin/../lib/gcc/nios2-elf/4.9.1/../../../../../H-x86_64-mingw32/nios2-elf/lib/mno-hw-mul\libc.a(closer.o)
 .comment       0x0000000000000000       0x24 c:/programs_2/altera/15.0/nios2eds/bin/gnu/h-x86_64-mingw32/bin/../lib/gcc/nios2-elf/4.9.1/../../../../../H-x86_64-mingw32/nios2-elf/lib/mno-hw-mul\libc.a(lib_a-fclose.o)
 .comment       0x0000000000000000       0x24 c:/programs_2/altera/15.0/nios2eds/bin/gnu/h-x86_64-mingw32/bin/../lib/gcc/nios2-elf/4.9.1/../../../../../H-x86_64-mingw32/nios2-elf/lib/mno-hw-mul\libc.a(lib_a-fstatr.o)
 .comment       0x0000000000000000       0x24 c:/programs_2/altera/15.0/nios2eds/bin/gnu/h-x86_64-mingw32/bin/../lib/gcc/nios2-elf/4.9.1/../../../../../H-x86_64-mingw32/nios2-elf/lib/mno-hw-mul\libc.a(lib_a-isattyr.o)
 .comment       0x0000000000000000       0x24 c:/programs_2/altera/15.0/nios2eds/bin/gnu/h-x86_64-mingw32/bin/../lib/gcc/nios2-elf/4.9.1/../../../../../H-x86_64-mingw32/nios2-elf/lib/mno-hw-mul\libc.a(lib_a-lseekr.o)
 .comment       0x0000000000000000       0x24 c:/programs_2/altera/15.0/nios2eds/bin/gnu/h-x86_64-mingw32/bin/../lib/gcc/nios2-elf/4.9.1/../../../../../H-x86_64-mingw32/nios2-elf/lib/mno-hw-mul\libc.a(lib_a-readr.o)
 .comment       0x0000000000000000       0x24 ../Blinky_bsp/\libhal_bsp.a(alt_close.o)
 .comment       0x0000000000000000       0x24 ../Blinky_bsp/\libhal_bsp.a(alt_dev.o)
 .comment       0x0000000000000000       0x24 ../Blinky_bsp/\libhal_bsp.a(alt_errno.o)
 .comment       0x0000000000000000       0x24 ../Blinky_bsp/\libhal_bsp.a(alt_fstat.o)
 .comment       0x0000000000000000       0x24 ../Blinky_bsp/\libhal_bsp.a(alt_isatty.o)
 .comment       0x0000000000000000       0x24 ../Blinky_bsp/\libhal_bsp.a(alt_load.o)
 .comment       0x0000000000000000       0x24 ../Blinky_bsp/\libhal_bsp.a(alt_lseek.o)
 .comment       0x0000000000000000       0x24 ../Blinky_bsp/\libhal_bsp.a(alt_main.o)
 .comment       0x0000000000000000       0x24 ../Blinky_bsp/\libhal_bsp.a(alt_malloc_lock.o)
 .comment       0x0000000000000000       0x24 ../Blinky_bsp/\libhal_bsp.a(alt_read.o)
 .comment       0x0000000000000000       0x24 ../Blinky_bsp/\libhal_bsp.a(alt_release_fd.o)
 .comment       0x0000000000000000       0x24 ../Blinky_bsp/\libhal_bsp.a(alt_sbrk.o)
 .comment       0x0000000000000000       0x24 ../Blinky_bsp/\libhal_bsp.a(alt_usleep.o)
 .comment       0x0000000000000000       0x24 ../Blinky_bsp/\libhal_bsp.a(alt_write.o)
 .comment       0x0000000000000000       0x24 ../Blinky_bsp/\libhal_bsp.a(alt_sys_init.o)
 .comment       0x0000000000000000       0x24 ../Blinky_bsp/\libhal_bsp.a(altera_avalon_jtag_uart_fd.o)
 .comment       0x0000000000000000       0x24 ../Blinky_bsp/\libhal_bsp.a(altera_avalon_jtag_uart_init.o)
 .comment       0x0000000000000000       0x24 ../Blinky_bsp/\libhal_bsp.a(altera_avalon_jtag_uart_ioctl.o)
 .comment       0x0000000000000000       0x24 ../Blinky_bsp/\libhal_bsp.a(altera_avalon_jtag_uart_read.o)
 .comment       0x0000000000000000       0x24 ../Blinky_bsp/\libhal_bsp.a(altera_avalon_jtag_uart_write.o)
 .comment       0x0000000000000000       0x24 ../Blinky_bsp/\libhal_bsp.a(alt_alarm_start.o)
 .comment       0x0000000000000000       0x24 ../Blinky_bsp/\libhal_bsp.a(alt_busy_sleep.o)
 .comment       0x0000000000000000       0x24 ../Blinky_bsp/\libhal_bsp.a(alt_dcache_flush_all.o)
 .comment       0x0000000000000000       0x24 ../Blinky_bsp/\libhal_bsp.a(alt_dev_llist_insert.o)
 .comment       0x0000000000000000       0x24 ../Blinky_bsp/\libhal_bsp.a(alt_do_ctors.o)
 .comment       0x0000000000000000       0x24 ../Blinky_bsp/\libhal_bsp.a(alt_do_dtors.o)
 .comment       0x0000000000000000       0x24 ../Blinky_bsp/\libhal_bsp.a(alt_icache_flush_all.o)
 .comment       0x0000000000000000       0x24 ../Blinky_bsp/\libhal_bsp.a(alt_iic.o)
 .comment       0x0000000000000000       0x24 ../Blinky_bsp/\libhal_bsp.a(alt_iic_isr_register.o)
 .comment       0x0000000000000000       0x24 ../Blinky_bsp/\libhal_bsp.a(alt_io_redirect.o)
 .comment       0x0000000000000000       0x24 ../Blinky_bsp/\libhal_bsp.a(alt_irq_handler.o)
 .comment       0x0000000000000000       0x24 ../Blinky_bsp/\libhal_bsp.a(alt_irq_vars.o)
 .comment       0x0000000000000000       0x24 ../Blinky_bsp/\libhal_bsp.a(alt_open.o)
 .comment       0x0000000000000000       0x24 ../Blinky_bsp/\libhal_bsp.a(alt_tick.o)
 .comment       0x0000000000000000       0x24 ../Blinky_bsp/\libhal_bsp.a(altera_nios2_qsys_irq.o)
 .comment       0x0000000000000000       0x24 ../Blinky_bsp/\libhal_bsp.a(alt_find_dev.o)
 .comment       0x0000000000000000       0x24 ../Blinky_bsp/\libhal_bsp.a(alt_find_file.o)
 .comment       0x0000000000000000       0x24 ../Blinky_bsp/\libhal_bsp.a(alt_get_fd.o)
 .comment       0x0000000000000000       0x24 c:/programs_2/altera/15.0/nios2eds/bin/gnu/h-x86_64-mingw32/bin/../lib/gcc/nios2-elf/4.9.1/../../../../../H-x86_64-mingw32/nios2-elf/lib/mno-hw-mul\libc.a(lib_a-atexit.o)
 .comment       0x0000000000000000       0x24 c:/programs_2/altera/15.0/nios2eds/bin/gnu/h-x86_64-mingw32/bin/../lib/gcc/nios2-elf/4.9.1/../../../../../H-x86_64-mingw32/nios2-elf/lib/mno-hw-mul\libc.a(lib_a-exit.o)
 .comment       0x0000000000000000       0x24 c:/programs_2/altera/15.0/nios2eds/bin/gnu/h-x86_64-mingw32/bin/../lib/gcc/nios2-elf/4.9.1/../../../../../H-x86_64-mingw32/nios2-elf/lib/mno-hw-mul\libc.a(lib_a-memcmp.o)
 .comment       0x0000000000000000       0x24 c:/programs_2/altera/15.0/nios2eds/bin/gnu/h-x86_64-mingw32/bin/../lib/gcc/nios2-elf/4.9.1/../../../../../H-x86_64-mingw32/nios2-elf/lib/mno-hw-mul\libc.a(lib_a-__atexit.o)
 .comment       0x0000000000000000       0x24 c:/programs_2/altera/15.0/nios2eds/bin/gnu/h-x86_64-mingw32/bin/../lib/gcc/nios2-elf/4.9.1/../../../../../H-x86_64-mingw32/nios2-elf/lib/mno-hw-mul\libc.a(lib_a-__call_atexit.o)
 .comment       0x0000000000000000       0x24 ../Blinky_bsp/\libhal_bsp.a(alt_exit.o)

.debug
 *(.debug)

.line
 *(.line)

.debug_srcinfo
 *(.debug_srcinfo)

.debug_sfnames
 *(.debug_sfnames)

.debug_aranges  0x0000000000000000      0x990
 *(.debug_aranges)
 .debug_aranges
                0x0000000000000000       0x28 ../Blinky_bsp//obj/HAL/src/crt0.o
 .debug_aranges
                0x0000000000000028       0x20 obj/default/hello_world.o
 .debug_aranges
                0x0000000000000048       0x20 c:/programs_2/altera/15.0/nios2eds/bin/gnu/h-x86_64-mingw32/bin/../lib/gcc/nios2-elf/4.9.1/mno-hw-mul\libgcc.a(lib2-divmod.o)
 .debug_aranges
                0x0000000000000068       0x20 c:/programs_2/altera/15.0/nios2eds/bin/gnu/h-x86_64-mingw32/bin/../lib/gcc/nios2-elf/4.9.1/mno-hw-mul\libgcc.a(lib2-mul.o)
 .debug_aranges
                0x0000000000000088       0x20 c:/programs_2/altera/15.0/nios2eds/bin/gnu/h-x86_64-mingw32/bin/../lib/gcc/nios2-elf/4.9.1/../../../../../H-x86_64-mingw32/nios2-elf/lib/mno-hw-mul\libc.a(lib_a-puts.o)
 .debug_aranges
                0x00000000000000a8       0x20 c:/programs_2/altera/15.0/nios2eds/bin/gnu/h-x86_64-mingw32/bin/../lib/gcc/nios2-elf/4.9.1/../../../../../H-x86_64-mingw32/nios2-elf/lib/mno-hw-mul\libc.a(lib_a-strlen.o)
 .debug_aranges
                0x00000000000000c8       0x20 c:/programs_2/altera/15.0/nios2eds/bin/gnu/h-x86_64-mingw32/bin/../lib/gcc/nios2-elf/4.9.1/../../../../../H-x86_64-mingw32/nios2-elf/lib/mno-hw-mul\libc.a(lib_a-fvwrite.o)
 .debug_aranges
                0x00000000000000e8       0x18 c:/programs_2/altera/15.0/nios2eds/bin/gnu/h-x86_64-mingw32/bin/../lib/gcc/nios2-elf/4.9.1/../../../../../H-x86_64-mingw32/nios2-elf/lib/mno-hw-mul\libc.a(lib_a-impure.o)
 .debug_aranges
                0x0000000000000100       0x20 c:/programs_2/altera/15.0/nios2eds/bin/gnu/h-x86_64-mingw32/bin/../lib/gcc/nios2-elf/4.9.1/../../../../../H-x86_64-mingw32/nios2-elf/lib/mno-hw-mul\libc.a(lib_a-mallocr.o)
 .debug_aranges
                0x0000000000000120       0x20 c:/programs_2/altera/15.0/nios2eds/bin/gnu/h-x86_64-mingw32/bin/../lib/gcc/nios2-elf/4.9.1/../../../../../H-x86_64-mingw32/nios2-elf/lib/mno-hw-mul\libc.a(lib_a-memchr.o)
 .debug_aranges
                0x0000000000000140       0x20 c:/programs_2/altera/15.0/nios2eds/bin/gnu/h-x86_64-mingw32/bin/../lib/gcc/nios2-elf/4.9.1/../../../../../H-x86_64-mingw32/nios2-elf/lib/mno-hw-mul\libc.a(lib_a-memcpy.o)
 .debug_aranges
                0x0000000000000160       0x20 c:/programs_2/altera/15.0/nios2eds/bin/gnu/h-x86_64-mingw32/bin/../lib/gcc/nios2-elf/4.9.1/../../../../../H-x86_64-mingw32/nios2-elf/lib/mno-hw-mul\libc.a(lib_a-memmove.o)
 .debug_aranges
                0x0000000000000180       0x20 c:/programs_2/altera/15.0/nios2eds/bin/gnu/h-x86_64-mingw32/bin/../lib/gcc/nios2-elf/4.9.1/../../../../../H-x86_64-mingw32/nios2-elf/lib/mno-hw-mul\libc.a(lib_a-reallocr.o)
 .debug_aranges
                0x00000000000001a0       0x20 c:/programs_2/altera/15.0/nios2eds/bin/gnu/h-x86_64-mingw32/bin/../lib/gcc/nios2-elf/4.9.1/../../../../../H-x86_64-mingw32/nios2-elf/lib/mno-hw-mul\libc.a(lib_a-sbrkr.o)
 .debug_aranges
                0x00000000000001c0       0x20 c:/programs_2/altera/15.0/nios2eds/bin/gnu/h-x86_64-mingw32/bin/../lib/gcc/nios2-elf/4.9.1/../../../../../H-x86_64-mingw32/nios2-elf/lib/mno-hw-mul\libc.a(lib_a-wsetup.o)
 .debug_aranges
                0x00000000000001e0       0x20 c:/programs_2/altera/15.0/nios2eds/bin/gnu/h-x86_64-mingw32/bin/../lib/gcc/nios2-elf/4.9.1/../../../../../H-x86_64-mingw32/nios2-elf/lib/mno-hw-mul\libc.a(lib_a-fflush.o)
 .debug_aranges
                0x0000000000000200       0x20 c:/programs_2/altera/15.0/nios2eds/bin/gnu/h-x86_64-mingw32/bin/../lib/gcc/nios2-elf/4.9.1/../../../../../H-x86_64-mingw32/nios2-elf/lib/mno-hw-mul\libc.a(lib_a-findfp.o)
 .debug_aranges
                0x0000000000000220       0x20 c:/programs_2/altera/15.0/nios2eds/bin/gnu/h-x86_64-mingw32/bin/../lib/gcc/nios2-elf/4.9.1/../../../../../H-x86_64-mingw32/nios2-elf/lib/mno-hw-mul\libc.a(lib_a-freer.o)
 .debug_aranges
                0x0000000000000240       0x20 c:/programs_2/altera/15.0/nios2eds/bin/gnu/h-x86_64-mingw32/bin/../lib/gcc/nios2-elf/4.9.1/../../../../../H-x86_64-mingw32/nios2-elf/lib/mno-hw-mul\libc.a(lib_a-fwalk.o)
 .debug_aranges
                0x0000000000000260       0x18 c:/programs_2/altera/15.0/nios2eds/bin/gnu/h-x86_64-mingw32/bin/../lib/gcc/nios2-elf/4.9.1/../../../../../H-x86_64-mingw32/nios2-elf/lib/mno-hw-mul\libc.a(lib_a-int_errno.o)
 .debug_aranges
                0x0000000000000278       0x20 c:/programs_2/altera/15.0/nios2eds/bin/gnu/h-x86_64-mingw32/bin/../lib/gcc/nios2-elf/4.9.1/../../../../../H-x86_64-mingw32/nios2-elf/lib/mno-hw-mul\libc.a(lib_a-makebuf.o)
 .debug_aranges
                0x0000000000000298       0x20 c:/programs_2/altera/15.0/nios2eds/bin/gnu/h-x86_64-mingw32/bin/../lib/gcc/nios2-elf/4.9.1/../../../../../H-x86_64-mingw32/nios2-elf/lib/mno-hw-mul\libc.a(lib_a-memset.o)
 .debug_aranges
                0x00000000000002b8       0x20 c:/programs_2/altera/15.0/nios2eds/bin/gnu/h-x86_64-mingw32/bin/../lib/gcc/nios2-elf/4.9.1/../../../../../H-x86_64-mingw32/nios2-elf/lib/mno-hw-mul\libc.a(lib_a-stdio.o)
 .debug_aranges
                0x00000000000002d8       0x20 c:/programs_2/altera/15.0/nios2eds/bin/gnu/h-x86_64-mingw32/bin/../lib/gcc/nios2-elf/4.9.1/../../../../../H-x86_64-mingw32/nios2-elf/lib/mno-hw-mul\libc.a(lib_a-writer.o)
 .debug_aranges
                0x00000000000002f8       0x20 c:/programs_2/altera/15.0/nios2eds/bin/gnu/h-x86_64-mingw32/bin/../lib/gcc/nios2-elf/4.9.1/../../../../../H-x86_64-mingw32/nios2-elf/lib/mno-hw-mul\libc.a(closer.o)
 .debug_aranges
                0x0000000000000318       0x20 c:/programs_2/altera/15.0/nios2eds/bin/gnu/h-x86_64-mingw32/bin/../lib/gcc/nios2-elf/4.9.1/../../../../../H-x86_64-mingw32/nios2-elf/lib/mno-hw-mul\libc.a(lib_a-fclose.o)
 .debug_aranges
                0x0000000000000338       0x20 c:/programs_2/altera/15.0/nios2eds/bin/gnu/h-x86_64-mingw32/bin/../lib/gcc/nios2-elf/4.9.1/../../../../../H-x86_64-mingw32/nios2-elf/lib/mno-hw-mul\libc.a(lib_a-fstatr.o)
 .debug_aranges
                0x0000000000000358       0x20 c:/programs_2/altera/15.0/nios2eds/bin/gnu/h-x86_64-mingw32/bin/../lib/gcc/nios2-elf/4.9.1/../../../../../H-x86_64-mingw32/nios2-elf/lib/mno-hw-mul\libc.a(lib_a-isattyr.o)
 .debug_aranges
                0x0000000000000378       0x20 c:/programs_2/altera/15.0/nios2eds/bin/gnu/h-x86_64-mingw32/bin/../lib/gcc/nios2-elf/4.9.1/../../../../../H-x86_64-mingw32/nios2-elf/lib/mno-hw-mul\libc.a(lib_a-lseekr.o)
 .debug_aranges
                0x0000000000000398       0x20 c:/programs_2/altera/15.0/nios2eds/bin/gnu/h-x86_64-mingw32/bin/../lib/gcc/nios2-elf/4.9.1/../../../../../H-x86_64-mingw32/nios2-elf/lib/mno-hw-mul\libc.a(lib_a-readr.o)
 .debug_aranges
                0x00000000000003b8       0x20 ../Blinky_bsp/\libhal_bsp.a(alt_close.o)
 .debug_aranges
                0x00000000000003d8       0x20 ../Blinky_bsp/\libhal_bsp.a(alt_dev.o)
 .debug_aranges
                0x00000000000003f8       0x18 ../Blinky_bsp/\libhal_bsp.a(alt_errno.o)
 .debug_aranges
                0x0000000000000410       0x20 ../Blinky_bsp/\libhal_bsp.a(alt_fstat.o)
 .debug_aranges
                0x0000000000000430       0x20 ../Blinky_bsp/\libhal_bsp.a(alt_isatty.o)
 .debug_aranges
                0x0000000000000450       0x20 ../Blinky_bsp/\libhal_bsp.a(alt_load.o)
 .debug_aranges
                0x0000000000000470       0x20 ../Blinky_bsp/\libhal_bsp.a(alt_lseek.o)
 .debug_aranges
                0x0000000000000490       0x20 ../Blinky_bsp/\libhal_bsp.a(alt_main.o)
 .debug_aranges
                0x00000000000004b0       0x20 ../Blinky_bsp/\libhal_bsp.a(alt_malloc_lock.o)
 .debug_aranges
                0x00000000000004d0       0x20 ../Blinky_bsp/\libhal_bsp.a(alt_read.o)
 .debug_aranges
                0x00000000000004f0       0x20 ../Blinky_bsp/\libhal_bsp.a(alt_release_fd.o)
 .debug_aranges
                0x0000000000000510       0x20 ../Blinky_bsp/\libhal_bsp.a(alt_sbrk.o)
 .debug_aranges
                0x0000000000000530       0x20 ../Blinky_bsp/\libhal_bsp.a(alt_usleep.o)
 .debug_aranges
                0x0000000000000550       0x20 ../Blinky_bsp/\libhal_bsp.a(alt_write.o)
 .debug_aranges
                0x0000000000000570       0x20 ../Blinky_bsp/\libhal_bsp.a(alt_sys_init.o)
 .debug_aranges
                0x0000000000000590       0x20 ../Blinky_bsp/\libhal_bsp.a(altera_avalon_jtag_uart_fd.o)
 .debug_aranges
                0x00000000000005b0       0x20 ../Blinky_bsp/\libhal_bsp.a(altera_avalon_jtag_uart_init.o)
 .debug_aranges
                0x00000000000005d0       0x20 ../Blinky_bsp/\libhal_bsp.a(altera_avalon_jtag_uart_ioctl.o)
 .debug_aranges
                0x00000000000005f0       0x20 ../Blinky_bsp/\libhal_bsp.a(altera_avalon_jtag_uart_read.o)
 .debug_aranges
                0x0000000000000610       0x20 ../Blinky_bsp/\libhal_bsp.a(altera_avalon_jtag_uart_write.o)
 .debug_aranges
                0x0000000000000630       0x20 ../Blinky_bsp/\libhal_bsp.a(alt_alarm_start.o)
 .debug_aranges
                0x0000000000000650       0x20 ../Blinky_bsp/\libhal_bsp.a(alt_busy_sleep.o)
 .debug_aranges
                0x0000000000000670       0x20 ../Blinky_bsp/\libhal_bsp.a(alt_dcache_flush_all.o)
 .debug_aranges
                0x0000000000000690       0x20 ../Blinky_bsp/\libhal_bsp.a(alt_dev_llist_insert.o)
 .debug_aranges
                0x00000000000006b0       0x20 ../Blinky_bsp/\libhal_bsp.a(alt_do_ctors.o)
 .debug_aranges
                0x00000000000006d0       0x20 ../Blinky_bsp/\libhal_bsp.a(alt_do_dtors.o)
 .debug_aranges
                0x00000000000006f0       0x20 ../Blinky_bsp/\libhal_bsp.a(alt_icache_flush_all.o)
 .debug_aranges
                0x0000000000000710       0x20 ../Blinky_bsp/\libhal_bsp.a(alt_iic.o)
 .debug_aranges
                0x0000000000000730       0x20 ../Blinky_bsp/\libhal_bsp.a(alt_iic_isr_register.o)
 .debug_aranges
                0x0000000000000750       0x20 ../Blinky_bsp/\libhal_bsp.a(alt_io_redirect.o)
 .debug_aranges
                0x0000000000000770       0x30 ../Blinky_bsp/\libhal_bsp.a(alt_irq_entry.o)
 .debug_aranges
                0x00000000000007a0       0x20 ../Blinky_bsp/\libhal_bsp.a(alt_irq_handler.o)
 .debug_aranges
                0x00000000000007c0       0x18 ../Blinky_bsp/\libhal_bsp.a(alt_irq_vars.o)
 .debug_aranges
                0x00000000000007d8       0x20 ../Blinky_bsp/\libhal_bsp.a(alt_open.o)
 .debug_aranges
                0x00000000000007f8       0x20 ../Blinky_bsp/\libhal_bsp.a(alt_tick.o)
 .debug_aranges
                0x0000000000000818       0x20 ../Blinky_bsp/\libhal_bsp.a(altera_nios2_qsys_irq.o)
 .debug_aranges
                0x0000000000000838       0x38 ../Blinky_bsp/\libhal_bsp.a(alt_exception_entry.o)
 .debug_aranges
                0x0000000000000870       0x20 ../Blinky_bsp/\libhal_bsp.a(alt_find_dev.o)
 .debug_aranges
                0x0000000000000890       0x20 ../Blinky_bsp/\libhal_bsp.a(alt_find_file.o)
 .debug_aranges
                0x00000000000008b0       0x20 ../Blinky_bsp/\libhal_bsp.a(alt_get_fd.o)
 .debug_aranges
                0x00000000000008d0       0x20 c:/programs_2/altera/15.0/nios2eds/bin/gnu/h-x86_64-mingw32/bin/../lib/gcc/nios2-elf/4.9.1/../../../../../H-x86_64-mingw32/nios2-elf/lib/mno-hw-mul\libc.a(lib_a-atexit.o)
 .debug_aranges
                0x00000000000008f0       0x20 c:/programs_2/altera/15.0/nios2eds/bin/gnu/h-x86_64-mingw32/bin/../lib/gcc/nios2-elf/4.9.1/../../../../../H-x86_64-mingw32/nios2-elf/lib/mno-hw-mul\libc.a(lib_a-exit.o)
 .debug_aranges
                0x0000000000000910       0x20 c:/programs_2/altera/15.0/nios2eds/bin/gnu/h-x86_64-mingw32/bin/../lib/gcc/nios2-elf/4.9.1/../../../../../H-x86_64-mingw32/nios2-elf/lib/mno-hw-mul\libc.a(lib_a-memcmp.o)
 .debug_aranges
                0x0000000000000930       0x20 c:/programs_2/altera/15.0/nios2eds/bin/gnu/h-x86_64-mingw32/bin/../lib/gcc/nios2-elf/4.9.1/../../../../../H-x86_64-mingw32/nios2-elf/lib/mno-hw-mul\libc.a(lib_a-__atexit.o)
 .debug_aranges
                0x0000000000000950       0x20 c:/programs_2/altera/15.0/nios2eds/bin/gnu/h-x86_64-mingw32/bin/../lib/gcc/nios2-elf/4.9.1/../../../../../H-x86_64-mingw32/nios2-elf/lib/mno-hw-mul\libc.a(lib_a-__call_atexit.o)
 .debug_aranges
                0x0000000000000970       0x20 ../Blinky_bsp/\libhal_bsp.a(alt_exit.o)

.debug_pubnames
 *(.debug_pubnames)

.debug_info     0x0000000000000000    0x16295
 *(.debug_info .gnu.linkonce.wi.*)
 .debug_info    0x0000000000000000       0x64 ../Blinky_bsp//obj/HAL/src/crt0.o
 .debug_info    0x0000000000000064      0x1c1 obj/default/hello_world.o
 .debug_info    0x0000000000000225      0x234 c:/programs_2/altera/15.0/nios2eds/bin/gnu/h-x86_64-mingw32/bin/../lib/gcc/nios2-elf/4.9.1/mno-hw-mul\libgcc.a(lib2-divmod.o)
 .debug_info    0x0000000000000459       0xb4 c:/programs_2/altera/15.0/nios2eds/bin/gnu/h-x86_64-mingw32/bin/../lib/gcc/nios2-elf/4.9.1/mno-hw-mul\libgcc.a(lib2-mul.o)
 .debug_info    0x000000000000050d      0x9f4 c:/programs_2/altera/15.0/nios2eds/bin/gnu/h-x86_64-mingw32/bin/../lib/gcc/nios2-elf/4.9.1/../../../../../H-x86_64-mingw32/nios2-elf/lib/mno-hw-mul\libc.a(lib_a-puts.o)
 .debug_info    0x0000000000000f01       0xdb c:/programs_2/altera/15.0/nios2eds/bin/gnu/h-x86_64-mingw32/bin/../lib/gcc/nios2-elf/4.9.1/../../../../../H-x86_64-mingw32/nios2-elf/lib/mno-hw-mul\libc.a(lib_a-strlen.o)
 .debug_info    0x0000000000000fdc      0xc31 c:/programs_2/altera/15.0/nios2eds/bin/gnu/h-x86_64-mingw32/bin/../lib/gcc/nios2-elf/4.9.1/../../../../../H-x86_64-mingw32/nios2-elf/lib/mno-hw-mul\libc.a(lib_a-fvwrite.o)
 .debug_info    0x0000000000001c0d      0x88f c:/programs_2/altera/15.0/nios2eds/bin/gnu/h-x86_64-mingw32/bin/../lib/gcc/nios2-elf/4.9.1/../../../../../H-x86_64-mingw32/nios2-elf/lib/mno-hw-mul\libc.a(lib_a-impure.o)
 .debug_info    0x000000000000249c      0xd71 c:/programs_2/altera/15.0/nios2eds/bin/gnu/h-x86_64-mingw32/bin/../lib/gcc/nios2-elf/4.9.1/../../../../../H-x86_64-mingw32/nios2-elf/lib/mno-hw-mul\libc.a(lib_a-mallocr.o)
 .debug_info    0x000000000000320d      0x12b c:/programs_2/altera/15.0/nios2eds/bin/gnu/h-x86_64-mingw32/bin/../lib/gcc/nios2-elf/4.9.1/../../../../../H-x86_64-mingw32/nios2-elf/lib/mno-hw-mul\libc.a(lib_a-memchr.o)
 .debug_info    0x0000000000003338      0x133 c:/programs_2/altera/15.0/nios2eds/bin/gnu/h-x86_64-mingw32/bin/../lib/gcc/nios2-elf/4.9.1/../../../../../H-x86_64-mingw32/nios2-elf/lib/mno-hw-mul\libc.a(lib_a-memcpy.o)
 .debug_info    0x000000000000346b      0x133 c:/programs_2/altera/15.0/nios2eds/bin/gnu/h-x86_64-mingw32/bin/../lib/gcc/nios2-elf/4.9.1/../../../../../H-x86_64-mingw32/nios2-elf/lib/mno-hw-mul\libc.a(lib_a-memmove.o)
 .debug_info    0x000000000000359e      0xcc6 c:/programs_2/altera/15.0/nios2eds/bin/gnu/h-x86_64-mingw32/bin/../lib/gcc/nios2-elf/4.9.1/../../../../../H-x86_64-mingw32/nios2-elf/lib/mno-hw-mul\libc.a(lib_a-reallocr.o)
 .debug_info    0x0000000000004264      0x8ef c:/programs_2/altera/15.0/nios2eds/bin/gnu/h-x86_64-mingw32/bin/../lib/gcc/nios2-elf/4.9.1/../../../../../H-x86_64-mingw32/nios2-elf/lib/mno-hw-mul\libc.a(lib_a-sbrkr.o)
 .debug_info    0x0000000000004b53      0x91d c:/programs_2/altera/15.0/nios2eds/bin/gnu/h-x86_64-mingw32/bin/../lib/gcc/nios2-elf/4.9.1/../../../../../H-x86_64-mingw32/nios2-elf/lib/mno-hw-mul\libc.a(lib_a-wsetup.o)
 .debug_info    0x0000000000005470      0xa3a c:/programs_2/altera/15.0/nios2eds/bin/gnu/h-x86_64-mingw32/bin/../lib/gcc/nios2-elf/4.9.1/../../../../../H-x86_64-mingw32/nios2-elf/lib/mno-hw-mul\libc.a(lib_a-fflush.o)
 .debug_info    0x0000000000005eaa      0xd37 c:/programs_2/altera/15.0/nios2eds/bin/gnu/h-x86_64-mingw32/bin/../lib/gcc/nios2-elf/4.9.1/../../../../../H-x86_64-mingw32/nios2-elf/lib/mno-hw-mul\libc.a(lib_a-findfp.o)
 .debug_info    0x0000000000006be1      0xc02 c:/programs_2/altera/15.0/nios2eds/bin/gnu/h-x86_64-mingw32/bin/../lib/gcc/nios2-elf/4.9.1/../../../../../H-x86_64-mingw32/nios2-elf/lib/mno-hw-mul\libc.a(lib_a-freer.o)
 .debug_info    0x00000000000077e3      0xab7 c:/programs_2/altera/15.0/nios2eds/bin/gnu/h-x86_64-mingw32/bin/../lib/gcc/nios2-elf/4.9.1/../../../../../H-x86_64-mingw32/nios2-elf/lib/mno-hw-mul\libc.a(lib_a-fwalk.o)
 .debug_info    0x000000000000829a       0x83 c:/programs_2/altera/15.0/nios2eds/bin/gnu/h-x86_64-mingw32/bin/../lib/gcc/nios2-elf/4.9.1/../../../../../H-x86_64-mingw32/nios2-elf/lib/mno-hw-mul\libc.a(lib_a-int_errno.o)
 .debug_info    0x000000000000831d      0xaff c:/programs_2/altera/15.0/nios2eds/bin/gnu/h-x86_64-mingw32/bin/../lib/gcc/nios2-elf/4.9.1/../../../../../H-x86_64-mingw32/nios2-elf/lib/mno-hw-mul\libc.a(lib_a-makebuf.o)
 .debug_info    0x0000000000008e1c      0x11a c:/programs_2/altera/15.0/nios2eds/bin/gnu/h-x86_64-mingw32/bin/../lib/gcc/nios2-elf/4.9.1/../../../../../H-x86_64-mingw32/nios2-elf/lib/mno-hw-mul\libc.a(lib_a-memset.o)
 .debug_info    0x0000000000008f36      0xb83 c:/programs_2/altera/15.0/nios2eds/bin/gnu/h-x86_64-mingw32/bin/../lib/gcc/nios2-elf/4.9.1/../../../../../H-x86_64-mingw32/nios2-elf/lib/mno-hw-mul\libc.a(lib_a-stdio.o)
 .debug_info    0x0000000000009ab9      0x921 c:/programs_2/altera/15.0/nios2eds/bin/gnu/h-x86_64-mingw32/bin/../lib/gcc/nios2-elf/4.9.1/../../../../../H-x86_64-mingw32/nios2-elf/lib/mno-hw-mul\libc.a(lib_a-writer.o)
 .debug_info    0x000000000000a3da      0x8ce c:/programs_2/altera/15.0/nios2eds/bin/gnu/h-x86_64-mingw32/bin/../lib/gcc/nios2-elf/4.9.1/../../../../../H-x86_64-mingw32/nios2-elf/lib/mno-hw-mul\libc.a(closer.o)
 .debug_info    0x000000000000aca8      0xa12 c:/programs_2/altera/15.0/nios2eds/bin/gnu/h-x86_64-mingw32/bin/../lib/gcc/nios2-elf/4.9.1/../../../../../H-x86_64-mingw32/nios2-elf/lib/mno-hw-mul\libc.a(lib_a-fclose.o)
 .debug_info    0x000000000000b6ba      0xa5c c:/programs_2/altera/15.0/nios2eds/bin/gnu/h-x86_64-mingw32/bin/../lib/gcc/nios2-elf/4.9.1/../../../../../H-x86_64-mingw32/nios2-elf/lib/mno-hw-mul\libc.a(lib_a-fstatr.o)
 .debug_info    0x000000000000c116      0x8ce c:/programs_2/altera/15.0/nios2eds/bin/gnu/h-x86_64-mingw32/bin/../lib/gcc/nios2-elf/4.9.1/../../../../../H-x86_64-mingw32/nios2-elf/lib/mno-hw-mul\libc.a(lib_a-isattyr.o)
 .debug_info    0x000000000000c9e4      0x91a c:/programs_2/altera/15.0/nios2eds/bin/gnu/h-x86_64-mingw32/bin/../lib/gcc/nios2-elf/4.9.1/../../../../../H-x86_64-mingw32/nios2-elf/lib/mno-hw-mul\libc.a(lib_a-lseekr.o)
 .debug_info    0x000000000000d2fe      0x91a c:/programs_2/altera/15.0/nios2eds/bin/gnu/h-x86_64-mingw32/bin/../lib/gcc/nios2-elf/4.9.1/../../../../../H-x86_64-mingw32/nios2-elf/lib/mno-hw-mul\libc.a(lib_a-readr.o)
 .debug_info    0x000000000000dc18      0x31a ../Blinky_bsp/\libhal_bsp.a(alt_close.o)
 .debug_info    0x000000000000df32      0x495 ../Blinky_bsp/\libhal_bsp.a(alt_dev.o)
 .debug_info    0x000000000000e3c7       0x9f ../Blinky_bsp/\libhal_bsp.a(alt_errno.o)
 .debug_info    0x000000000000e466      0x481 ../Blinky_bsp/\libhal_bsp.a(alt_fstat.o)
 .debug_info    0x000000000000e8e7      0x484 ../Blinky_bsp/\libhal_bsp.a(alt_isatty.o)
 .debug_info    0x000000000000ed6b      0x13e ../Blinky_bsp/\libhal_bsp.a(alt_load.o)
 .debug_info    0x000000000000eea9      0x34b ../Blinky_bsp/\libhal_bsp.a(alt_lseek.o)
 .debug_info    0x000000000000f1f4      0x12a ../Blinky_bsp/\libhal_bsp.a(alt_main.o)
 .debug_info    0x000000000000f31e      0x89f ../Blinky_bsp/\libhal_bsp.a(alt_malloc_lock.o)
 .debug_info    0x000000000000fbbd      0x4a9 ../Blinky_bsp/\libhal_bsp.a(alt_read.o)
 .debug_info    0x0000000000010066      0x2b0 ../Blinky_bsp/\libhal_bsp.a(alt_release_fd.o)
 .debug_info    0x0000000000010316      0x1a5 ../Blinky_bsp/\libhal_bsp.a(alt_sbrk.o)
 .debug_info    0x00000000000104bb       0xa9 ../Blinky_bsp/\libhal_bsp.a(alt_usleep.o)
 .debug_info    0x0000000000010564      0x4b0 ../Blinky_bsp/\libhal_bsp.a(alt_write.o)
 .debug_info    0x0000000000010a14      0x4bc ../Blinky_bsp/\libhal_bsp.a(alt_sys_init.o)
 .debug_info    0x0000000000010ed0      0x527 ../Blinky_bsp/\libhal_bsp.a(altera_avalon_jtag_uart_fd.o)
 .debug_info    0x00000000000113f7      0x3a1 ../Blinky_bsp/\libhal_bsp.a(altera_avalon_jtag_uart_init.o)
 .debug_info    0x0000000000011798      0x279 ../Blinky_bsp/\libhal_bsp.a(altera_avalon_jtag_uart_ioctl.o)
 .debug_info    0x0000000000011a11      0x342 ../Blinky_bsp/\libhal_bsp.a(altera_avalon_jtag_uart_read.o)
 .debug_info    0x0000000000011d53      0x339 ../Blinky_bsp/\libhal_bsp.a(altera_avalon_jtag_uart_write.o)
 .debug_info    0x000000000001208c      0x2c5 ../Blinky_bsp/\libhal_bsp.a(alt_alarm_start.o)
 .debug_info    0x0000000000012351       0xd0 ../Blinky_bsp/\libhal_bsp.a(alt_busy_sleep.o)
 .debug_info    0x0000000000012421       0x8b ../Blinky_bsp/\libhal_bsp.a(alt_dcache_flush_all.o)
 .debug_info    0x00000000000124ac      0x1a2 ../Blinky_bsp/\libhal_bsp.a(alt_dev_llist_insert.o)
 .debug_info    0x000000000001264e       0x83 ../Blinky_bsp/\libhal_bsp.a(alt_do_ctors.o)
 .debug_info    0x00000000000126d1       0x83 ../Blinky_bsp/\libhal_bsp.a(alt_do_dtors.o)
 .debug_info    0x0000000000012754       0x8b ../Blinky_bsp/\libhal_bsp.a(alt_icache_flush_all.o)
 .debug_info    0x00000000000127df      0x349 ../Blinky_bsp/\libhal_bsp.a(alt_iic.o)
 .debug_info    0x0000000000012b28      0x1e8 ../Blinky_bsp/\libhal_bsp.a(alt_iic_isr_register.o)
 .debug_info    0x0000000000012d10      0x49e ../Blinky_bsp/\libhal_bsp.a(alt_io_redirect.o)
 .debug_info    0x00000000000131ae       0x6d ../Blinky_bsp/\libhal_bsp.a(alt_irq_entry.o)
 .debug_info    0x000000000001321b      0x180 ../Blinky_bsp/\libhal_bsp.a(alt_irq_handler.o)
 .debug_info    0x000000000001339b       0x88 ../Blinky_bsp/\libhal_bsp.a(alt_irq_vars.o)
 .debug_info    0x0000000000013423      0x3b4 ../Blinky_bsp/\libhal_bsp.a(alt_open.o)
 .debug_info    0x00000000000137d7      0x292 ../Blinky_bsp/\libhal_bsp.a(alt_tick.o)
 .debug_info    0x0000000000013a69       0x8b ../Blinky_bsp/\libhal_bsp.a(altera_nios2_qsys_irq.o)
 .debug_info    0x0000000000013af4       0x73 ../Blinky_bsp/\libhal_bsp.a(alt_exception_entry.o)
 .debug_info    0x0000000000013b67      0x2e2 ../Blinky_bsp/\libhal_bsp.a(alt_find_dev.o)
 .debug_info    0x0000000000013e49      0x2df ../Blinky_bsp/\libhal_bsp.a(alt_find_file.o)
 .debug_info    0x0000000000014128      0x309 ../Blinky_bsp/\libhal_bsp.a(alt_get_fd.o)
 .debug_info    0x0000000000014431      0x10a c:/programs_2/altera/15.0/nios2eds/bin/gnu/h-x86_64-mingw32/bin/../lib/gcc/nios2-elf/4.9.1/../../../../../H-x86_64-mingw32/nios2-elf/lib/mno-hw-mul\libc.a(lib_a-atexit.o)
 .debug_info    0x000000000001453b      0x8df c:/programs_2/altera/15.0/nios2eds/bin/gnu/h-x86_64-mingw32/bin/../lib/gcc/nios2-elf/4.9.1/../../../../../H-x86_64-mingw32/nios2-elf/lib/mno-hw-mul\libc.a(lib_a-exit.o)
 .debug_info    0x0000000000014e1a      0x113 c:/programs_2/altera/15.0/nios2eds/bin/gnu/h-x86_64-mingw32/bin/../lib/gcc/nios2-elf/4.9.1/../../../../../H-x86_64-mingw32/nios2-elf/lib/mno-hw-mul\libc.a(lib_a-memcmp.o)
 .debug_info    0x0000000000014f2d      0x93b c:/programs_2/altera/15.0/nios2eds/bin/gnu/h-x86_64-mingw32/bin/../lib/gcc/nios2-elf/4.9.1/../../../../../H-x86_64-mingw32/nios2-elf/lib/mno-hw-mul\libc.a(lib_a-__atexit.o)
 .debug_info    0x0000000000015868      0x948 c:/programs_2/altera/15.0/nios2eds/bin/gnu/h-x86_64-mingw32/bin/../lib/gcc/nios2-elf/4.9.1/../../../../../H-x86_64-mingw32/nios2-elf/lib/mno-hw-mul\libc.a(lib_a-__call_atexit.o)
 .debug_info    0x00000000000161b0       0xe5 ../Blinky_bsp/\libhal_bsp.a(alt_exit.o)

.debug_abbrev   0x0000000000000000     0x5f42
 *(.debug_abbrev)
 .debug_abbrev  0x0000000000000000       0x12 ../Blinky_bsp//obj/HAL/src/crt0.o
 .debug_abbrev  0x0000000000000012      0x111 obj/default/hello_world.o
 .debug_abbrev  0x0000000000000123       0xd9 c:/programs_2/altera/15.0/nios2eds/bin/gnu/h-x86_64-mingw32/bin/../lib/gcc/nios2-elf/4.9.1/mno-hw-mul\libgcc.a(lib2-divmod.o)
 .debug_abbrev  0x00000000000001fc       0x6f c:/programs_2/altera/15.0/nios2eds/bin/gnu/h-x86_64-mingw32/bin/../lib/gcc/nios2-elf/4.9.1/mno-hw-mul\libgcc.a(lib2-mul.o)
 .debug_abbrev  0x000000000000026b      0x226 c:/programs_2/altera/15.0/nios2eds/bin/gnu/h-x86_64-mingw32/bin/../lib/gcc/nios2-elf/4.9.1/../../../../../H-x86_64-mingw32/nios2-elf/lib/mno-hw-mul\libc.a(lib_a-puts.o)
 .debug_abbrev  0x0000000000000491       0x90 c:/programs_2/altera/15.0/nios2eds/bin/gnu/h-x86_64-mingw32/bin/../lib/gcc/nios2-elf/4.9.1/../../../../../H-x86_64-mingw32/nios2-elf/lib/mno-hw-mul\libc.a(lib_a-strlen.o)
 .debug_abbrev  0x0000000000000521      0x252 c:/programs_2/altera/15.0/nios2eds/bin/gnu/h-x86_64-mingw32/bin/../lib/gcc/nios2-elf/4.9.1/../../../../../H-x86_64-mingw32/nios2-elf/lib/mno-hw-mul\libc.a(lib_a-fvwrite.o)
 .debug_abbrev  0x0000000000000773      0x180 c:/programs_2/altera/15.0/nios2eds/bin/gnu/h-x86_64-mingw32/bin/../lib/gcc/nios2-elf/4.9.1/../../../../../H-x86_64-mingw32/nios2-elf/lib/mno-hw-mul\libc.a(lib_a-impure.o)
 .debug_abbrev  0x00000000000008f3      0x2ad c:/programs_2/altera/15.0/nios2eds/bin/gnu/h-x86_64-mingw32/bin/../lib/gcc/nios2-elf/4.9.1/../../../../../H-x86_64-mingw32/nios2-elf/lib/mno-hw-mul\libc.a(lib_a-mallocr.o)
 .debug_abbrev  0x0000000000000ba0       0xab c:/programs_2/altera/15.0/nios2eds/bin/gnu/h-x86_64-mingw32/bin/../lib/gcc/nios2-elf/4.9.1/../../../../../H-x86_64-mingw32/nios2-elf/lib/mno-hw-mul\libc.a(lib_a-memchr.o)
 .debug_abbrev  0x0000000000000c4b       0x9c c:/programs_2/altera/15.0/nios2eds/bin/gnu/h-x86_64-mingw32/bin/../lib/gcc/nios2-elf/4.9.1/../../../../../H-x86_64-mingw32/nios2-elf/lib/mno-hw-mul\libc.a(lib_a-memcpy.o)
 .debug_abbrev  0x0000000000000ce7       0x9c c:/programs_2/altera/15.0/nios2eds/bin/gnu/h-x86_64-mingw32/bin/../lib/gcc/nios2-elf/4.9.1/../../../../../H-x86_64-mingw32/nios2-elf/lib/mno-hw-mul\libc.a(lib_a-memmove.o)
 .debug_abbrev  0x0000000000000d83      0x269 c:/programs_2/altera/15.0/nios2eds/bin/gnu/h-x86_64-mingw32/bin/../lib/gcc/nios2-elf/4.9.1/../../../../../H-x86_64-mingw32/nios2-elf/lib/mno-hw-mul\libc.a(lib_a-reallocr.o)
 .debug_abbrev  0x0000000000000fec      0x1fd c:/programs_2/altera/15.0/nios2eds/bin/gnu/h-x86_64-mingw32/bin/../lib/gcc/nios2-elf/4.9.1/../../../../../H-x86_64-mingw32/nios2-elf/lib/mno-hw-mul\libc.a(lib_a-sbrkr.o)
 .debug_abbrev  0x00000000000011e9      0x1f3 c:/programs_2/altera/15.0/nios2eds/bin/gnu/h-x86_64-mingw32/bin/../lib/gcc/nios2-elf/4.9.1/../../../../../H-x86_64-mingw32/nios2-elf/lib/mno-hw-mul\libc.a(lib_a-wsetup.o)
 .debug_abbrev  0x00000000000013dc      0x275 c:/programs_2/altera/15.0/nios2eds/bin/gnu/h-x86_64-mingw32/bin/../lib/gcc/nios2-elf/4.9.1/../../../../../H-x86_64-mingw32/nios2-elf/lib/mno-hw-mul\libc.a(lib_a-fflush.o)
 .debug_abbrev  0x0000000000001651      0x387 c:/programs_2/altera/15.0/nios2eds/bin/gnu/h-x86_64-mingw32/bin/../lib/gcc/nios2-elf/4.9.1/../../../../../H-x86_64-mingw32/nios2-elf/lib/mno-hw-mul\libc.a(lib_a-findfp.o)
 .debug_abbrev  0x00000000000019d8      0x27b c:/programs_2/altera/15.0/nios2eds/bin/gnu/h-x86_64-mingw32/bin/../lib/gcc/nios2-elf/4.9.1/../../../../../H-x86_64-mingw32/nios2-elf/lib/mno-hw-mul\libc.a(lib_a-freer.o)
 .debug_abbrev  0x0000000000001c53      0x242 c:/programs_2/altera/15.0/nios2eds/bin/gnu/h-x86_64-mingw32/bin/../lib/gcc/nios2-elf/4.9.1/../../../../../H-x86_64-mingw32/nios2-elf/lib/mno-hw-mul\libc.a(lib_a-fwalk.o)
 .debug_abbrev  0x0000000000001e95       0x37 c:/programs_2/altera/15.0/nios2eds/bin/gnu/h-x86_64-mingw32/bin/../lib/gcc/nios2-elf/4.9.1/../../../../../H-x86_64-mingw32/nios2-elf/lib/mno-hw-mul\libc.a(lib_a-int_errno.o)
 .debug_abbrev  0x0000000000001ecc      0x206 c:/programs_2/altera/15.0/nios2eds/bin/gnu/h-x86_64-mingw32/bin/../lib/gcc/nios2-elf/4.9.1/../../../../../H-x86_64-mingw32/nios2-elf/lib/mno-hw-mul\libc.a(lib_a-makebuf.o)
 .debug_abbrev  0x00000000000020d2       0xae c:/programs_2/altera/15.0/nios2eds/bin/gnu/h-x86_64-mingw32/bin/../lib/gcc/nios2-elf/4.9.1/../../../../../H-x86_64-mingw32/nios2-elf/lib/mno-hw-mul\libc.a(lib_a-memset.o)
 .debug_abbrev  0x0000000000002180      0x246 c:/programs_2/altera/15.0/nios2eds/bin/gnu/h-x86_64-mingw32/bin/../lib/gcc/nios2-elf/4.9.1/../../../../../H-x86_64-mingw32/nios2-elf/lib/mno-hw-mul\libc.a(lib_a-stdio.o)
 .debug_abbrev  0x00000000000023c6      0x1de c:/programs_2/altera/15.0/nios2eds/bin/gnu/h-x86_64-mingw32/bin/../lib/gcc/nios2-elf/4.9.1/../../../../../H-x86_64-mingw32/nios2-elf/lib/mno-hw-mul\libc.a(lib_a-writer.o)
 .debug_abbrev  0x00000000000025a4      0x1d9 c:/programs_2/altera/15.0/nios2eds/bin/gnu/h-x86_64-mingw32/bin/../lib/gcc/nios2-elf/4.9.1/../../../../../H-x86_64-mingw32/nios2-elf/lib/mno-hw-mul\libc.a(closer.o)
 .debug_abbrev  0x000000000000277d      0x2a9 c:/programs_2/altera/15.0/nios2eds/bin/gnu/h-x86_64-mingw32/bin/../lib/gcc/nios2-elf/4.9.1/../../../../../H-x86_64-mingw32/nios2-elf/lib/mno-hw-mul\libc.a(lib_a-fclose.o)
 .debug_abbrev  0x0000000000002a26      0x1e8 c:/programs_2/altera/15.0/nios2eds/bin/gnu/h-x86_64-mingw32/bin/../lib/gcc/nios2-elf/4.9.1/../../../../../H-x86_64-mingw32/nios2-elf/lib/mno-hw-mul\libc.a(lib_a-fstatr.o)
 .debug_abbrev  0x0000000000002c0e      0x1d9 c:/programs_2/altera/15.0/nios2eds/bin/gnu/h-x86_64-mingw32/bin/../lib/gcc/nios2-elf/4.9.1/../../../../../H-x86_64-mingw32/nios2-elf/lib/mno-hw-mul\libc.a(lib_a-isattyr.o)
 .debug_abbrev  0x0000000000002de7      0x1e8 c:/programs_2/altera/15.0/nios2eds/bin/gnu/h-x86_64-mingw32/bin/../lib/gcc/nios2-elf/4.9.1/../../../../../H-x86_64-mingw32/nios2-elf/lib/mno-hw-mul\libc.a(lib_a-lseekr.o)